APPLICATION	CarMaker 15.1 - Car_Generic #3 (win64-15.1)
COMPILED	jetbrains@16d9601a3450 2026-05-05 10:47:07
 
		I/O Configuration: default
FIRST_INIT	(internal default used)	2026-07-01 11:13:20
TIME	0.000
WARNING		FMU 'CM_ACCController_V17': Debug logging enabled
WARNING		FMU 'CM_AEBController': Debug logging enabled
SIM_END			0s	0m
IDLE	11:13:20
ERROR		FMU 'CM_ACCController_V17', FMUIn.Camera.Obj0.ObjID: No such source quantity 'Sensor.Camera.Vhcl.VehSensor_FCAM.Obj.0.ObjID'
ERROR		FMU 'CM_ACCController_V17', FMUIn.Camera.Obj0.Type: No such source quantity 'Sensor.Camera.Vhcl.VehSensor_FCAM.Obj.0.Type'
ERROR		FMU 'CM_ACCController_V17', FMUIn.Camera.Obj0.Confidence: No such source quantity 'Sensor.Camera.Vhcl.VehSensor_FCAM.Obj.0.Confidence'
ERROR		FMU 'CM_ACCController_V17', FMUIn.Camera.Obj0.Facing: No such source quantity 'Sensor.Camera.Vhcl.VehSensor_FCAM.Obj.0.Facing'
ERROR		FMU 'CM_ACCController_V17', FMUIn.Camera.Obj0.MBR.BL_X: No such source quantity 'Sensor.Camera.Vhcl.VehSensor_FCAM.Obj.0.MBR.BL_X'
ERROR		FMU 'CM_ACCController_V17', FMUIn.Camera.Obj0.MBR.BL_Y: No such source quantity 'Sensor.Camera.Vhcl.VehSensor_FCAM.Obj.0.MBR.BL_Y'
ERROR		FMU 'CM_ACCController_V17', FMUIn.Camera.Obj0.MBR.BL_Z: No such source quantity 'Sensor.Camera.Vhcl.VehSensor_FCAM.Obj.0.MBR.BL_Z'
ERROR		FMU 'CM_ACCController_V17', FMUIn.Camera.Obj0.MBR.TR_X: No such source quantity 'Sensor.Camera.Vhcl.VehSensor_FCAM.Obj.0.MBR.TR_X'
ERROR		FMU 'CM_ACCController_V17', FMUIn.Camera.Obj0.MBR.TR_Y: No such source quantity 'Sensor.Camera.Vhcl.VehSensor_FCAM.Obj.0.MBR.TR_Y'
ERROR		FMU 'CM_ACCController_V17', FMUIn.Camera.Obj0.MBR.TR_Z: No such source quantity 'Sensor.Camera.Vhcl.VehSensor_FCAM.Obj.0.MBR.TR_Z'
ERROR		FMU 'CM_ACCController_V17', FMUIn.Camera.Obj1.ObjID: No such source quantity 'Sensor.Camera.Vhcl.VehSensor_FCAM.Obj.1.ObjID'
ERROR		FMU 'CM_ACCController_V17', FMUIn.Camera.Obj1.Type: No such source quantity 'Sensor.Camera.Vhcl.VehSensor_FCAM.Obj.1.Type'
ERROR		FMU 'CM_ACCController_V17', FMUIn.Camera.Obj1.Confidence: No such source quantity 'Sensor.Camera.Vhcl.VehSensor_FCAM.Obj.1.Confidence'
ERROR		FMU 'CM_ACCController_V17', FMUIn.Camera.Obj1.Facing: No such source quantity 'Sensor.Camera.Vhcl.VehSensor_FCAM.Obj.1.Facing'
ERROR		FMU 'CM_ACCController_V17', FMUIn.Camera.Obj1.MBR.BL_X: No such source quantity 'Sensor.Camera.Vhcl.VehSensor_FCAM.Obj.1.MBR.BL_X'
ERROR		FMU 'CM_ACCController_V17', FMUIn.Camera.Obj1.MBR.BL_Y: No such source quantity 'Sensor.Camera.Vhcl.VehSensor_FCAM.Obj.1.MBR.BL_Y'
ERROR		FMU 'CM_ACCController_V17', FMUIn.Camera.Obj1.MBR.BL_Z: No such source quantity 'Sensor.Camera.Vhcl.VehSensor_FCAM.Obj.1.MBR.BL_Z'
ERROR		FMU 'CM_ACCController_V17', FMUIn.Camera.Obj1.MBR.TR_X: No such source quantity 'Sensor.Camera.Vhcl.VehSensor_FCAM.Obj.1.MBR.TR_X'
ERROR		FMU 'CM_ACCController_V17', FMUIn.Camera.Obj1.MBR.TR_Y: No such source quantity 'Sensor.Camera.Vhcl.VehSensor_FCAM.Obj.1.MBR.TR_Y'
ERROR		FMU 'CM_ACCController_V17', FMUIn.Camera.Obj1.MBR.TR_Z: No such source quantity 'Sensor.Camera.Vhcl.VehSensor_FCAM.Obj.1.MBR.TR_Z'
ERROR		FMU 'CM_ACCController_V17', FMUIn.Camera.Obj2.ObjID: No such source quantity 'Sensor.Camera.Vhcl.VehSensor_FCAM.Obj.2.ObjID'
ERROR		FMU 'CM_ACCController_V17', FMUIn.Camera.Obj2.Type: No such source quantity 'Sensor.Camera.Vhcl.VehSensor_FCAM.Obj.2.Type'
ERROR		FMU 'CM_ACCController_V17', FMUIn.Camera.Obj2.Confidence: No such source quantity 'Sensor.Camera.Vhcl.VehSensor_FCAM.Obj.2.Confidence'
ERROR		FMU 'CM_ACCController_V17', FMUIn.Camera.Obj2.Facing: No such source quantity 'Sensor.Camera.Vhcl.VehSensor_FCAM.Obj.2.Facing'
ERROR		FMU 'CM_ACCController_V17', FMUIn.Camera.Obj2.MBR.BL_X: No such source quantity 'Sensor.Camera.Vhcl.VehSensor_FCAM.Obj.2.MBR.BL_X'
ERROR		FMU 'CM_ACCController_V17', FMUIn.Camera.Obj2.MBR.BL_Y: No such source quantity 'Sensor.Camera.Vhcl.VehSensor_FCAM.Obj.2.MBR.BL_Y'
ERROR		FMU 'CM_ACCController_V17', FMUIn.Camera.Obj2.MBR.BL_Z: No such source quantity 'Sensor.Camera.Vhcl.VehSensor_FCAM.Obj.2.MBR.BL_Z'
ERROR		FMU 'CM_ACCController_V17', FMUIn.Camera.Obj2.MBR.TR_X: No such source quantity 'Sensor.Camera.Vhcl.VehSensor_FCAM.Obj.2.MBR.TR_X'
ERROR		FMU 'CM_ACCController_V17', FMUIn.Camera.Obj2.MBR.TR_Y: No such source quantity 'Sensor.Camera.Vhcl.VehSensor_FCAM.Obj.2.MBR.TR_Y'
ERROR		FMU 'CM_ACCController_V17', FMUIn.Camera.Obj2.MBR.TR_Z: No such source quantity 'Sensor.Camera.Vhcl.VehSensor_FCAM.Obj.2.MBR.TR_Z'
ERROR		FMU 'CM_ACCController_V17', FMUIn.Camera.Obj3.ObjID: No such source quantity 'Sensor.Camera.Vhcl.VehSensor_FCAM.Obj.3.ObjID'
ERROR		FMU 'CM_ACCController_V17', FMUIn.Camera.Obj3.Type: No such source quantity 'Sensor.Camera.Vhcl.VehSensor_FCAM.Obj.3.Type'
ERROR		FMU 'CM_ACCController_V17', FMUIn.Camera.Obj3.Confidence: No such source quantity 'Sensor.Camera.Vhcl.VehSensor_FCAM.Obj.3.Confidence'
ERROR		FMU 'CM_ACCController_V17', FMUIn.Camera.Obj3.Facing: No such source quantity 'Sensor.Camera.Vhcl.VehSensor_FCAM.Obj.3.Facing'
ERROR		FMU 'CM_ACCController_V17', FMUIn.Camera.Obj3.MBR.BL_X: No such source quantity 'Sensor.Camera.Vhcl.VehSensor_FCAM.Obj.3.MBR.BL_X'
ERROR		FMU 'CM_ACCController_V17', FMUIn.Camera.Obj3.MBR.BL_Y: No such source quantity 'Sensor.Camera.Vhcl.VehSensor_FCAM.Obj.3.MBR.BL_Y'
ERROR		FMU 'CM_ACCController_V17', FMUIn.Camera.Obj3.MBR.BL_Z: No such source quantity 'Sensor.Camera.Vhcl.VehSensor_FCAM.Obj.3.MBR.BL_Z'
ERROR		FMU 'CM_ACCController_V17', FMUIn.Camera.Obj3.MBR.TR_X: No such source quantity 'Sensor.Camera.Vhcl.VehSensor_FCAM.Obj.3.MBR.TR_X'
ERROR		FMU 'CM_ACCController_V17', FMUIn.Camera.Obj3.MBR.TR_Y: No such source quantity 'Sensor.Camera.Vhcl.VehSensor_FCAM.Obj.3.MBR.TR_Y'
ERROR		FMU 'CM_ACCController_V17', FMUIn.Camera.Obj3.MBR.TR_Z: No such source quantity 'Sensor.Camera.Vhcl.VehSensor_FCAM.Obj.3.MBR.TR_Z'
ERROR		FMU 'CM_ACCController_V17', FMUIn.Radar.Obj0.MeasStat: No such source quantity 'Sensor.Radar.Vhcl.VehSensor_MRR.Obj0.MeasStat'
ERROR		FMU 'CM_ACCController_V17', FMUIn.Radar.Obj0.ObjID: No such source quantity 'Sensor.Radar.Vhcl.VehSensor_MRR.Obj0.ObjId'
ERROR		FMU 'CM_ACCController_V17', FMUIn.Radar.Obj0.DistX: No such source quantity 'Sensor.Radar.Vhcl.VehSensor_MRR.Obj0.DistX'
ERROR		FMU 'CM_ACCController_V17', FMUIn.Radar.Obj0.DistY: No such source quantity 'Sensor.Radar.Vhcl.VehSensor_MRR.Obj0.DistY'
ERROR		FMU 'CM_ACCController_V17', FMUIn.Radar.Obj0.VrelX: No such source quantity 'Sensor.Radar.Vhcl.VehSensor_MRR.Obj0.VrelX'
ERROR		FMU 'CM_ACCController_V17', FMUIn.Radar.Obj0.ProbExist: No such source quantity 'Sensor.Radar.Vhcl.VehSensor_MRR.Obj0.ProbExist'
ERROR		FMU 'CM_ACCController_V17', FMUIn.Radar.Obj0.DynProp: No such source quantity 'Sensor.Radar.Vhcl.VehSensor_MRR.Obj0.DynProp'
ERROR		FMU 'CM_ACCController_V17', FMUIn.Radar.Obj1.MeasStat: No such source quantity 'Sensor.Radar.Vhcl.VehSensor_MRR.Obj1.MeasStat'
ERROR		FMU 'CM_ACCController_V17', FMUIn.Radar.Obj1.ObjID: No such source quantity 'Sensor.Radar.Vhcl.VehSensor_MRR.Obj1.ObjId'
ERROR		FMU 'CM_ACCController_V17', FMUIn.Radar.Obj1.DistX: No such source quantity 'Sensor.Radar.Vhcl.VehSensor_MRR.Obj1.DistX'
ERROR		FMU 'CM_ACCController_V17', FMUIn.Radar.Obj1.DistY: No such source quantity 'Sensor.Radar.Vhcl.VehSensor_MRR.Obj1.DistY'
ERROR		FMU 'CM_ACCController_V17', FMUIn.Radar.Obj1.VrelX: No such source quantity 'Sensor.Radar.Vhcl.VehSensor_MRR.Obj1.VrelX'
ERROR		FMU 'CM_ACCController_V17', FMUIn.Radar.Obj1.ProbExist: No such source quantity 'Sensor.Radar.Vhcl.VehSensor_MRR.Obj1.ProbExist'
ERROR		FMU 'CM_ACCController_V17', FMUIn.Radar.Obj1.DynProp: No such source quantity 'Sensor.Radar.Vhcl.VehSensor_MRR.Obj1.DynProp'
ERROR		FMU 'CM_ACCController_V17', FMUIn.Radar.Obj2.MeasStat: No such source quantity 'Sensor.Radar.Vhcl.VehSensor_MRR.Obj2.MeasStat'
ERROR		FMU 'CM_ACCController_V17', FMUIn.Radar.Obj2.ObjID: No such source quantity 'Sensor.Radar.Vhcl.VehSensor_MRR.Obj2.ObjId'
ERROR		FMU 'CM_ACCController_V17', FMUIn.Radar.Obj2.DistX: No such source quantity 'Sensor.Radar.Vhcl.VehSensor_MRR.Obj2.DistX'
ERROR		FMU 'CM_ACCController_V17', FMUIn.Radar.Obj2.DistY: No such source quantity 'Sensor.Radar.Vhcl.VehSensor_MRR.Obj2.DistY'
ERROR		FMU 'CM_ACCController_V17', FMUIn.Radar.Obj2.VrelX: No such source quantity 'Sensor.Radar.Vhcl.VehSensor_MRR.Obj2.VrelX'
ERROR		FMU 'CM_ACCController_V17', FMUIn.Radar.Obj2.ProbExist: No such source quantity 'Sensor.Radar.Vhcl.VehSensor_MRR.Obj2.ProbExist'
ERROR		FMU 'CM_ACCController_V17', FMUIn.Radar.Obj2.DynProp: No such source quantity 'Sensor.Radar.Vhcl.VehSensor_MRR.Obj2.DynProp'
ERROR		FMU 'CM_ACCController_V17', FMUIn.Radar.Obj3.MeasStat: No such source quantity 'Sensor.Radar.Vhcl.VehSensor_MRR.Obj3.MeasStat'
ERROR		FMU 'CM_ACCController_V17', FMUIn.Radar.Obj3.ObjID: No such source quantity 'Sensor.Radar.Vhcl.VehSensor_MRR.Obj3.ObjId'
ERROR		FMU 'CM_ACCController_V17', FMUIn.Radar.Obj3.DistX: No such source quantity 'Sensor.Radar.Vhcl.VehSensor_MRR.Obj3.DistX'
ERROR		FMU 'CM_ACCController_V17', FMUIn.Radar.Obj3.DistY: No such source quantity 'Sensor.Radar.Vhcl.VehSensor_MRR.Obj3.DistY'
ERROR		FMU 'CM_ACCController_V17', FMUIn.Radar.Obj3.VrelX: No such source quantity 'Sensor.Radar.Vhcl.VehSensor_MRR.Obj3.VrelX'
ERROR		FMU 'CM_ACCController_V17', FMUIn.Radar.Obj3.ProbExist: No such source quantity 'Sensor.Radar.Vhcl.VehSensor_MRR.Obj3.ProbExist'
ERROR		FMU 'CM_ACCController_V17', FMUIn.Radar.Obj3.DynProp: No such source quantity 'Sensor.Radar.Vhcl.VehSensor_MRR.Obj3.DynProp'
ERROR		FMU 'CM_AEBController', FMUIn.Radar_nObj: No such source quantity 'Sensor.Radar.Vhcl.VehSensor_MRR.nObj'
ERROR		FMU 'CM_AEBController', FMUIn.Radar_Obj0_DistX: No such source quantity 'Sensor.Radar.Vhcl.VehSensor_MRR.Obj0.DistX'
ERROR		FMU 'CM_AEBController', FMUIn.Radar_Obj0_DistY: No such source quantity 'Sensor.Radar.Vhcl.VehSensor_MRR.Obj0.DistY'
ERROR		FMU 'CM_AEBController', FMUIn.Radar_Obj0_DynProp: No such source quantity 'Sensor.Radar.Vhcl.VehSensor_MRR.Obj0.DynProp'
ERROR		FMU 'CM_AEBController', FMUIn.Radar_Obj0_MeasStat: No such source quantity 'Sensor.Radar.Vhcl.VehSensor_MRR.Obj0.MeasStat'
ERROR		FMU 'CM_AEBController', FMUIn.Radar_Obj0_ObjID: No such source quantity 'Sensor.Radar.Vhcl.VehSensor_MRR.Obj0.ObjId'
ERROR		FMU 'CM_AEBController', FMUIn.Radar_Obj0_ProbExist: No such source quantity 'Sensor.Radar.Vhcl.VehSensor_MRR.Obj0.ProbExist'
ERROR		FMU 'CM_AEBController', FMUIn.Radar_Obj0_VrelX: No such source quantity 'Sensor.Radar.Vhcl.VehSensor_MRR.Obj0.VrelX'
ERROR		FMU 'CM_AEBController', FMUIn.Radar_Obj1_DistX: No such source quantity 'Sensor.Radar.Vhcl.VehSensor_MRR.Obj1.DistX'
ERROR		FMU 'CM_AEBController', FMUIn.Radar_Obj1_DistY: No such source quantity 'Sensor.Radar.Vhcl.VehSensor_MRR.Obj1.DistY'
ERROR		FMU 'CM_AEBController', FMUIn.Radar_Obj1_DynProp: No such source quantity 'Sensor.Radar.Vhcl.VehSensor_MRR.Obj1.DynProp'
ERROR		FMU 'CM_AEBController', FMUIn.Radar_Obj1_MeasStat: No such source quantity 'Sensor.Radar.Vhcl.VehSensor_MRR.Obj1.MeasStat'
ERROR		FMU 'CM_AEBController', FMUIn.Radar_Obj1_ObjID: No such source quantity 'Sensor.Radar.Vhcl.VehSensor_MRR.Obj1.ObjId'
ERROR		FMU 'CM_AEBController', FMUIn.Radar_Obj1_ProbExist: No such source quantity 'Sensor.Radar.Vhcl.VehSensor_MRR.Obj1.ProbExist'
ERROR		FMU 'CM_AEBController', FMUIn.Radar_Obj1_VrelX: No such source quantity 'Sensor.Radar.Vhcl.VehSensor_MRR.Obj1.VrelX'
ERROR		FMU 'CM_AEBController', FMUIn.Radar_Obj2_DistX: No such source quantity 'Sensor.Radar.Vhcl.VehSensor_MRR.Obj2.DistX'
ERROR		FMU 'CM_AEBController', FMUIn.Radar_Obj2_DistY: No such source quantity 'Sensor.Radar.Vhcl.VehSensor_MRR.Obj2.DistY'
ERROR		FMU 'CM_AEBController', FMUIn.Radar_Obj2_DynProp: No such source quantity 'Sensor.Radar.Vhcl.VehSensor_MRR.Obj2.DynProp'
ERROR		FMU 'CM_AEBController', FMUIn.Radar_Obj2_MeasStat: No such source quantity 'Sensor.Radar.Vhcl.VehSensor_MRR.Obj2.MeasStat'
ERROR		FMU 'CM_AEBController', FMUIn.Radar_Obj2_ObjID: No such source quantity 'Sensor.Radar.Vhcl.VehSensor_MRR.Obj2.ObjId'
ERROR		FMU 'CM_AEBController', FMUIn.Radar_Obj2_ProbExist: No such source quantity 'Sensor.Radar.Vhcl.VehSensor_MRR.Obj2.ProbExist'
ERROR		FMU 'CM_AEBController', FMUIn.Radar_Obj2_VrelX: No such source quantity 'Sensor.Radar.Vhcl.VehSensor_MRR.Obj2.VrelX'
ERROR		FMU 'CM_AEBController', FMUIn.Radar_Obj3_DistX: No such source quantity 'Sensor.Radar.Vhcl.VehSensor_MRR.Obj3.DistX'
ERROR		FMU 'CM_AEBController', FMUIn.Radar_Obj3_DistY: No such source quantity 'Sensor.Radar.Vhcl.VehSensor_MRR.Obj3.DistY'
ERROR		FMU 'CM_AEBController', FMUIn.Radar_Obj3_DynProp: No such source quantity 'Sensor.Radar.Vhcl.VehSensor_MRR.Obj3.DynProp'
ERROR		FMU 'CM_AEBController', FMUIn.Radar_Obj3_MeasStat: No such source quantity 'Sensor.Radar.Vhcl.VehSensor_MRR.Obj3.MeasStat'
ERROR		FMU 'CM_AEBController', FMUIn.Radar_Obj3_ObjID: No such source quantity 'Sensor.Radar.Vhcl.VehSensor_MRR.Obj3.ObjId'
ERROR		FMU 'CM_AEBController', FMUIn.Radar_Obj3_ProbExist: No such source quantity 'Sensor.Radar.Vhcl.VehSensor_MRR.Obj3.ProbExist'
ERROR		FMU 'CM_AEBController', FMUIn.Radar_Obj3_VrelX: No such source quantity 'Sensor.Radar.Vhcl.VehSensor_MRR.Obj3.VrelX'
ERROR		FMU 'CM_ACCController_V17', DDict.AccelCtrl.ACC.DesiredAx: No such destination quantity
ERROR		FMU 'CM_ACCController_V17', DDict.AccelCtrl.ACC.DesiredDist: No such destination quantity
ERROR		FMU 'CM_ACCController_V17', DDict.AccelCtrl.ACC.DesiredSpd: No such destination quantity
ERROR		FMU 'CM_ACCController_V17', DDict.AccelCtrl.ACC.DesiredTGap: No such destination quantity
ERROR		FMU 'CM_ACCController_V17', DDict.AccelCtrl.ACC.IsActive: No such destination quantity
ERROR		FMU 'CM_ACCController_V17', DDict.AccelCtrl.ACC.Time2Collision: No such destination quantity
ERROR		FMU 'CM_ACCController_V17', DDict.AccelCtrl.DesiredAx: No such destination quantity
ERROR		FMU 'CM_AEBController', DDict.LongCtrl.AEB.IsActive: No such destination quantity
ERROR		FMU 'CM_AEBController', DDict.LongCtrl.AEB.SwitchedOn: No such destination quantity
ERROR		FMU 'CM_AEBController', DDict.LongCtrl.AEB.Target.ObjId: No such destination quantity
ERROR		FMU 'CM_AEBController', DDict.LongCtrl.AEB.Target.Vel: No such destination quantity
ERROR		FMU 'CM_AEBController', DDict.LongCtrl.AEB.Time2Collision: No such destination quantity
ERROR		FMU 'CM_AEBController', DDict.LongCtrl.AEB.dDist: No such destination quantity
ERROR		FMU 'CM_AEBController', DDict.LongCtrl.AEB.dVel: No such destination quantity
ERROR		FMU 'CM_AEBController', DDict.LongCtrl.FCW.SwitchedOn: No such destination quantity
ERROR		FMU 'CM_AEBController', DDict.LongCtrl.FCW.WarnLevel: No such destination quantity
TIME	3.933
SIM_START	aeb_csc_001_001	2026-07-01 11:14:00
TIME	3.933
WARNING		FMU: Sending all FMU log output to file 'FMU_20260701-111400.log'
TIME	0.006
		Road Sensor: evaluation of route/path disabled (works only on route)
WARNING		FMU 'CM_ACCController_V17': Debug logging enabled
WARNING		FMU 'CM_AEBController': Debug logging enabled
		Current random seed value = 1782879240
ERROR		FMU 'CM_ACCController_V17', FMUIn.Camera.Obj0.ObjID: No such source quantity 'Sensor.Camera.Vhcl.VehSensor_FCAM.Obj.0.ObjID'
ERROR		FMU 'CM_ACCController_V17', FMUIn.Camera.Obj0.Type: No such source quantity 'Sensor.Camera.Vhcl.VehSensor_FCAM.Obj.0.Type'
ERROR		FMU 'CM_ACCController_V17', FMUIn.Camera.Obj0.Confidence: No such source quantity 'Sensor.Camera.Vhcl.VehSensor_FCAM.Obj.0.Confidence'
ERROR		FMU 'CM_ACCController_V17', FMUIn.Camera.Obj0.Facing: No such source quantity 'Sensor.Camera.Vhcl.VehSensor_FCAM.Obj.0.Facing'
ERROR		FMU 'CM_ACCController_V17', FMUIn.Camera.Obj0.MBR.BL_X: No such source quantity 'Sensor.Camera.Vhcl.VehSensor_FCAM.Obj.0.MBR.BL_X'
ERROR		FMU 'CM_ACCController_V17', FMUIn.Camera.Obj0.MBR.BL_Y: No such source quantity 'Sensor.Camera.Vhcl.VehSensor_FCAM.Obj.0.MBR.BL_Y'
ERROR		FMU 'CM_ACCController_V17', FMUIn.Camera.Obj0.MBR.BL_Z: No such source quantity 'Sensor.Camera.Vhcl.VehSensor_FCAM.Obj.0.MBR.BL_Z'
ERROR		FMU 'CM_ACCController_V17', FMUIn.Camera.Obj0.MBR.TR_X: No such source quantity 'Sensor.Camera.Vhcl.VehSensor_FCAM.Obj.0.MBR.TR_X'
ERROR		FMU 'CM_ACCController_V17', FMUIn.Camera.Obj0.MBR.TR_Y: No such source quantity 'Sensor.Camera.Vhcl.VehSensor_FCAM.Obj.0.MBR.TR_Y'
ERROR		FMU 'CM_ACCController_V17', FMUIn.Camera.Obj0.MBR.TR_Z: No such source quantity 'Sensor.Camera.Vhcl.VehSensor_FCAM.Obj.0.MBR.TR_Z'
ERROR		FMU 'CM_ACCController_V17', FMUIn.Camera.Obj1.ObjID: No such source quantity 'Sensor.Camera.Vhcl.VehSensor_FCAM.Obj.1.ObjID'
ERROR		FMU 'CM_ACCController_V17', FMUIn.Camera.Obj1.Type: No such source quantity 'Sensor.Camera.Vhcl.VehSensor_FCAM.Obj.1.Type'
ERROR		FMU 'CM_ACCController_V17', FMUIn.Camera.Obj1.Confidence: No such source quantity 'Sensor.Camera.Vhcl.VehSensor_FCAM.Obj.1.Confidence'
ERROR		FMU 'CM_ACCController_V17', FMUIn.Camera.Obj1.Facing: No such source quantity 'Sensor.Camera.Vhcl.VehSensor_FCAM.Obj.1.Facing'
ERROR		FMU 'CM_ACCController_V17', FMUIn.Camera.Obj1.MBR.BL_X: No such source quantity 'Sensor.Camera.Vhcl.VehSensor_FCAM.Obj.1.MBR.BL_X'
ERROR		FMU 'CM_ACCController_V17', FMUIn.Camera.Obj1.MBR.BL_Y: No such source quantity 'Sensor.Camera.Vhcl.VehSensor_FCAM.Obj.1.MBR.BL_Y'
ERROR		FMU 'CM_ACCController_V17', FMUIn.Camera.Obj1.MBR.BL_Z: No such source quantity 'Sensor.Camera.Vhcl.VehSensor_FCAM.Obj.1.MBR.BL_Z'
ERROR		FMU 'CM_ACCController_V17', FMUIn.Camera.Obj1.MBR.TR_X: No such source quantity 'Sensor.Camera.Vhcl.VehSensor_FCAM.Obj.1.MBR.TR_X'
ERROR		FMU 'CM_ACCController_V17', FMUIn.Camera.Obj1.MBR.TR_Y: No such source quantity 'Sensor.Camera.Vhcl.VehSensor_FCAM.Obj.1.MBR.TR_Y'
ERROR		FMU 'CM_ACCController_V17', FMUIn.Camera.Obj1.MBR.TR_Z: No such source quantity 'Sensor.Camera.Vhcl.VehSensor_FCAM.Obj.1.MBR.TR_Z'
ERROR		FMU 'CM_ACCController_V17', FMUIn.Camera.Obj2.ObjID: No such source quantity 'Sensor.Camera.Vhcl.VehSensor_FCAM.Obj.2.ObjID'
ERROR		FMU 'CM_ACCController_V17', FMUIn.Camera.Obj2.Type: No such source quantity 'Sensor.Camera.Vhcl.VehSensor_FCAM.Obj.2.Type'
ERROR		FMU 'CM_ACCController_V17', FMUIn.Camera.Obj2.Confidence: No such source quantity 'Sensor.Camera.Vhcl.VehSensor_FCAM.Obj.2.Confidence'
ERROR		FMU 'CM_ACCController_V17', FMUIn.Camera.Obj2.Facing: No such source quantity 'Sensor.Camera.Vhcl.VehSensor_FCAM.Obj.2.Facing'
ERROR		FMU 'CM_ACCController_V17', FMUIn.Camera.Obj2.MBR.BL_X: No such source quantity 'Sensor.Camera.Vhcl.VehSensor_FCAM.Obj.2.MBR.BL_X'
ERROR		FMU 'CM_ACCController_V17', FMUIn.Camera.Obj2.MBR.BL_Y: No such source quantity 'Sensor.Camera.Vhcl.VehSensor_FCAM.Obj.2.MBR.BL_Y'
ERROR		FMU 'CM_ACCController_V17', FMUIn.Camera.Obj2.MBR.BL_Z: No such source quantity 'Sensor.Camera.Vhcl.VehSensor_FCAM.Obj.2.MBR.BL_Z'
ERROR		FMU 'CM_ACCController_V17', FMUIn.Camera.Obj2.MBR.TR_X: No such source quantity 'Sensor.Camera.Vhcl.VehSensor_FCAM.Obj.2.MBR.TR_X'
ERROR		FMU 'CM_ACCController_V17', FMUIn.Camera.Obj2.MBR.TR_Y: No such source quantity 'Sensor.Camera.Vhcl.VehSensor_FCAM.Obj.2.MBR.TR_Y'
ERROR		FMU 'CM_ACCController_V17', FMUIn.Camera.Obj2.MBR.TR_Z: No such source quantity 'Sensor.Camera.Vhcl.VehSensor_FCAM.Obj.2.MBR.TR_Z'
ERROR		FMU 'CM_ACCController_V17', FMUIn.Camera.Obj3.ObjID: No such source quantity 'Sensor.Camera.Vhcl.VehSensor_FCAM.Obj.3.ObjID'
ERROR		FMU 'CM_ACCController_V17', FMUIn.Camera.Obj3.Type: No such source quantity 'Sensor.Camera.Vhcl.VehSensor_FCAM.Obj.3.Type'
ERROR		FMU 'CM_ACCController_V17', FMUIn.Camera.Obj3.Confidence: No such source quantity 'Sensor.Camera.Vhcl.VehSensor_FCAM.Obj.3.Confidence'
ERROR		FMU 'CM_ACCController_V17', FMUIn.Camera.Obj3.Facing: No such source quantity 'Sensor.Camera.Vhcl.VehSensor_FCAM.Obj.3.Facing'
ERROR		FMU 'CM_ACCController_V17', FMUIn.Camera.Obj3.MBR.BL_X: No such source quantity 'Sensor.Camera.Vhcl.VehSensor_FCAM.Obj.3.MBR.BL_X'
ERROR		FMU 'CM_ACCController_V17', FMUIn.Camera.Obj3.MBR.BL_Y: No such source quantity 'Sensor.Camera.Vhcl.VehSensor_FCAM.Obj.3.MBR.BL_Y'
ERROR		FMU 'CM_ACCController_V17', FMUIn.Camera.Obj3.MBR.BL_Z: No such source quantity 'Sensor.Camera.Vhcl.VehSensor_FCAM.Obj.3.MBR.BL_Z'
ERROR		FMU 'CM_ACCController_V17', FMUIn.Camera.Obj3.MBR.TR_X: No such source quantity 'Sensor.Camera.Vhcl.VehSensor_FCAM.Obj.3.MBR.TR_X'
ERROR		FMU 'CM_ACCController_V17', FMUIn.Camera.Obj3.MBR.TR_Y: No such source quantity 'Sensor.Camera.Vhcl.VehSensor_FCAM.Obj.3.MBR.TR_Y'
ERROR		FMU 'CM_ACCController_V17', FMUIn.Camera.Obj3.MBR.TR_Z: No such source quantity 'Sensor.Camera.Vhcl.VehSensor_FCAM.Obj.3.MBR.TR_Z'
ERROR		FMU 'CM_ACCController_V17', FMUIn.Radar.Obj0.MeasStat: No such source quantity 'Sensor.Radar.Vhcl.VehSensor_MRR.Obj0.MeasStat'
ERROR		FMU 'CM_ACCController_V17', FMUIn.Radar.Obj0.ObjID: No such source quantity 'Sensor.Radar.Vhcl.VehSensor_MRR.Obj0.ObjId'
ERROR		FMU 'CM_ACCController_V17', FMUIn.Radar.Obj0.DistX: No such source quantity 'Sensor.Radar.Vhcl.VehSensor_MRR.Obj0.DistX'
ERROR		FMU 'CM_ACCController_V17', FMUIn.Radar.Obj0.DistY: No such source quantity 'Sensor.Radar.Vhcl.VehSensor_MRR.Obj0.DistY'
ERROR		FMU 'CM_ACCController_V17', FMUIn.Radar.Obj0.VrelX: No such source quantity 'Sensor.Radar.Vhcl.VehSensor_MRR.Obj0.VrelX'
ERROR		FMU 'CM_ACCController_V17', FMUIn.Radar.Obj0.ProbExist: No such source quantity 'Sensor.Radar.Vhcl.VehSensor_MRR.Obj0.ProbExist'
ERROR		FMU 'CM_ACCController_V17', FMUIn.Radar.Obj0.DynProp: No such source quantity 'Sensor.Radar.Vhcl.VehSensor_MRR.Obj0.DynProp'
ERROR		FMU 'CM_ACCController_V17', FMUIn.Radar.Obj1.MeasStat: No such source quantity 'Sensor.Radar.Vhcl.VehSensor_MRR.Obj1.MeasStat'
ERROR		FMU 'CM_ACCController_V17', FMUIn.Radar.Obj1.ObjID: No such source quantity 'Sensor.Radar.Vhcl.VehSensor_MRR.Obj1.ObjId'
ERROR		FMU 'CM_ACCController_V17', FMUIn.Radar.Obj1.DistX: No such source quantity 'Sensor.Radar.Vhcl.VehSensor_MRR.Obj1.DistX'
ERROR		FMU 'CM_ACCController_V17', FMUIn.Radar.Obj1.DistY: No such source quantity 'Sensor.Radar.Vhcl.VehSensor_MRR.Obj1.DistY'
ERROR		FMU 'CM_ACCController_V17', FMUIn.Radar.Obj1.VrelX: No such source quantity 'Sensor.Radar.Vhcl.VehSensor_MRR.Obj1.VrelX'
ERROR		FMU 'CM_ACCController_V17', FMUIn.Radar.Obj1.ProbExist: No such source quantity 'Sensor.Radar.Vhcl.VehSensor_MRR.Obj1.ProbExist'
ERROR		FMU 'CM_ACCController_V17', FMUIn.Radar.Obj1.DynProp: No such source quantity 'Sensor.Radar.Vhcl.VehSensor_MRR.Obj1.DynProp'
ERROR		FMU 'CM_ACCController_V17', FMUIn.Radar.Obj2.MeasStat: No such source quantity 'Sensor.Radar.Vhcl.VehSensor_MRR.Obj2.MeasStat'
ERROR		FMU 'CM_ACCController_V17', FMUIn.Radar.Obj2.ObjID: No such source quantity 'Sensor.Radar.Vhcl.VehSensor_MRR.Obj2.ObjId'
ERROR		FMU 'CM_ACCController_V17', FMUIn.Radar.Obj2.DistX: No such source quantity 'Sensor.Radar.Vhcl.VehSensor_MRR.Obj2.DistX'
ERROR		FMU 'CM_ACCController_V17', FMUIn.Radar.Obj2.DistY: No such source quantity 'Sensor.Radar.Vhcl.VehSensor_MRR.Obj2.DistY'
ERROR		FMU 'CM_ACCController_V17', FMUIn.Radar.Obj2.VrelX: No such source quantity 'Sensor.Radar.Vhcl.VehSensor_MRR.Obj2.VrelX'
ERROR		FMU 'CM_ACCController_V17', FMUIn.Radar.Obj2.ProbExist: No such source quantity 'Sensor.Radar.Vhcl.VehSensor_MRR.Obj2.ProbExist'
ERROR		FMU 'CM_ACCController_V17', FMUIn.Radar.Obj2.DynProp: No such source quantity 'Sensor.Radar.Vhcl.VehSensor_MRR.Obj2.DynProp'
ERROR		FMU 'CM_ACCController_V17', FMUIn.Radar.Obj3.MeasStat: No such source quantity 'Sensor.Radar.Vhcl.VehSensor_MRR.Obj3.MeasStat'
ERROR		FMU 'CM_ACCController_V17', FMUIn.Radar.Obj3.ObjID: No such source quantity 'Sensor.Radar.Vhcl.VehSensor_MRR.Obj3.ObjId'
ERROR		FMU 'CM_ACCController_V17', FMUIn.Radar.Obj3.DistX: No such source quantity 'Sensor.Radar.Vhcl.VehSensor_MRR.Obj3.DistX'
ERROR		FMU 'CM_ACCController_V17', FMUIn.Radar.Obj3.DistY: No such source quantity 'Sensor.Radar.Vhcl.VehSensor_MRR.Obj3.DistY'
ERROR		FMU 'CM_ACCController_V17', FMUIn.Radar.Obj3.VrelX: No such source quantity 'Sensor.Radar.Vhcl.VehSensor_MRR.Obj3.VrelX'
ERROR		FMU 'CM_ACCController_V17', FMUIn.Radar.Obj3.ProbExist: No such source quantity 'Sensor.Radar.Vhcl.VehSensor_MRR.Obj3.ProbExist'
ERROR		FMU 'CM_ACCController_V17', FMUIn.Radar.Obj3.DynProp: No such source quantity 'Sensor.Radar.Vhcl.VehSensor_MRR.Obj3.DynProp'
ERROR		FMU 'CM_AEBController', FMUIn.Radar_nObj: No such source quantity 'Sensor.Radar.Vhcl.VehSensor_MRR.nObj'
ERROR		FMU 'CM_AEBController', FMUIn.Radar_Obj0_DistX: No such source quantity 'Sensor.Radar.Vhcl.VehSensor_MRR.Obj0.DistX'
ERROR		FMU 'CM_AEBController', FMUIn.Radar_Obj0_DistY: No such source quantity 'Sensor.Radar.Vhcl.VehSensor_MRR.Obj0.DistY'
ERROR		FMU 'CM_AEBController', FMUIn.Radar_Obj0_DynProp: No such source quantity 'Sensor.Radar.Vhcl.VehSensor_MRR.Obj0.DynProp'
ERROR		FMU 'CM_AEBController', FMUIn.Radar_Obj0_MeasStat: No such source quantity 'Sensor.Radar.Vhcl.VehSensor_MRR.Obj0.MeasStat'
ERROR		FMU 'CM_AEBController', FMUIn.Radar_Obj0_ObjID: No such source quantity 'Sensor.Radar.Vhcl.VehSensor_MRR.Obj0.ObjId'
ERROR		FMU 'CM_AEBController', FMUIn.Radar_Obj0_ProbExist: No such source quantity 'Sensor.Radar.Vhcl.VehSensor_MRR.Obj0.ProbExist'
ERROR		FMU 'CM_AEBController', FMUIn.Radar_Obj0_VrelX: No such source quantity 'Sensor.Radar.Vhcl.VehSensor_MRR.Obj0.VrelX'
ERROR		FMU 'CM_AEBController', FMUIn.Radar_Obj1_DistX: No such source quantity 'Sensor.Radar.Vhcl.VehSensor_MRR.Obj1.DistX'
ERROR		FMU 'CM_AEBController', FMUIn.Radar_Obj1_DistY: No such source quantity 'Sensor.Radar.Vhcl.VehSensor_MRR.Obj1.DistY'
ERROR		FMU 'CM_AEBController', FMUIn.Radar_Obj1_DynProp: No such source quantity 'Sensor.Radar.Vhcl.VehSensor_MRR.Obj1.DynProp'
ERROR		FMU 'CM_AEBController', FMUIn.Radar_Obj1_MeasStat: No such source quantity 'Sensor.Radar.Vhcl.VehSensor_MRR.Obj1.MeasStat'
ERROR		FMU 'CM_AEBController', FMUIn.Radar_Obj1_ObjID: No such source quantity 'Sensor.Radar.Vhcl.VehSensor_MRR.Obj1.ObjId'
ERROR		FMU 'CM_AEBController', FMUIn.Radar_Obj1_ProbExist: No such source quantity 'Sensor.Radar.Vhcl.VehSensor_MRR.Obj1.ProbExist'
ERROR		FMU 'CM_AEBController', FMUIn.Radar_Obj1_VrelX: No such source quantity 'Sensor.Radar.Vhcl.VehSensor_MRR.Obj1.VrelX'
ERROR		FMU 'CM_AEBController', FMUIn.Radar_Obj2_DistX: No such source quantity 'Sensor.Radar.Vhcl.VehSensor_MRR.Obj2.DistX'
ERROR		FMU 'CM_AEBController', FMUIn.Radar_Obj2_DistY: No such source quantity 'Sensor.Radar.Vhcl.VehSensor_MRR.Obj2.DistY'
ERROR		FMU 'CM_AEBController', FMUIn.Radar_Obj2_DynProp: No such source quantity 'Sensor.Radar.Vhcl.VehSensor_MRR.Obj2.DynProp'
ERROR		FMU 'CM_AEBController', FMUIn.Radar_Obj2_MeasStat: No such source quantity 'Sensor.Radar.Vhcl.VehSensor_MRR.Obj2.MeasStat'
ERROR		FMU 'CM_AEBController', FMUIn.Radar_Obj2_ObjID: No such source quantity 'Sensor.Radar.Vhcl.VehSensor_MRR.Obj2.ObjId'
ERROR		FMU 'CM_AEBController', FMUIn.Radar_Obj2_ProbExist: No such source quantity 'Sensor.Radar.Vhcl.VehSensor_MRR.Obj2.ProbExist'
ERROR		FMU 'CM_AEBController', FMUIn.Radar_Obj2_VrelX: No such source quantity 'Sensor.Radar.Vhcl.VehSensor_MRR.Obj2.VrelX'
ERROR		FMU 'CM_AEBController', FMUIn.Radar_Obj3_DistX: No such source quantity 'Sensor.Radar.Vhcl.VehSensor_MRR.Obj3.DistX'
ERROR		FMU 'CM_AEBController', FMUIn.Radar_Obj3_DistY: No such source quantity 'Sensor.Radar.Vhcl.VehSensor_MRR.Obj3.DistY'
ERROR		FMU 'CM_AEBController', FMUIn.Radar_Obj3_DynProp: No such source quantity 'Sensor.Radar.Vhcl.VehSensor_MRR.Obj3.DynProp'
ERROR		FMU 'CM_AEBController', FMUIn.Radar_Obj3_MeasStat: No such source quantity 'Sensor.Radar.Vhcl.VehSensor_MRR.Obj3.MeasStat'
ERROR		FMU 'CM_AEBController', FMUIn.Radar_Obj3_ObjID: No such source quantity 'Sensor.Radar.Vhcl.VehSensor_MRR.Obj3.ObjId'
ERROR		FMU 'CM_AEBController', FMUIn.Radar_Obj3_ProbExist: No such source quantity 'Sensor.Radar.Vhcl.VehSensor_MRR.Obj3.ProbExist'
ERROR		FMU 'CM_AEBController', FMUIn.Radar_Obj3_VrelX: No such source quantity 'Sensor.Radar.Vhcl.VehSensor_MRR.Obj3.VrelX'
ERROR		FMU 'CM_ACCController_V17', DDict.AccelCtrl.ACC.DesiredAx: No such destination quantity
ERROR		FMU 'CM_ACCController_V17', DDict.AccelCtrl.ACC.DesiredDist: No such destination quantity
ERROR		FMU 'CM_ACCController_V17', DDict.AccelCtrl.ACC.DesiredSpd: No such destination quantity
ERROR		FMU 'CM_ACCController_V17', DDict.AccelCtrl.ACC.DesiredTGap: No such destination quantity
ERROR		FMU 'CM_ACCController_V17', DDict.AccelCtrl.ACC.IsActive: No such destination quantity
ERROR		FMU 'CM_ACCController_V17', DDict.AccelCtrl.ACC.Time2Collision: No such destination quantity
ERROR		FMU 'CM_ACCController_V17', DDict.AccelCtrl.DesiredAx: No such destination quantity
ERROR		FMU 'CM_AEBController', DDict.LongCtrl.AEB.IsActive: No such destination quantity
ERROR		FMU 'CM_AEBController', DDict.LongCtrl.AEB.SwitchedOn: No such destination quantity
ERROR		FMU 'CM_AEBController', DDict.LongCtrl.AEB.Target.ObjId: No such destination quantity
ERROR		FMU 'CM_AEBController', DDict.LongCtrl.AEB.Target.Vel: No such destination quantity
ERROR		FMU 'CM_AEBController', DDict.LongCtrl.AEB.Time2Collision: No such destination quantity
ERROR		FMU 'CM_AEBController', DDict.LongCtrl.AEB.dDist: No such destination quantity
ERROR		FMU 'CM_AEBController', DDict.LongCtrl.AEB.dVel: No such destination quantity
ERROR		FMU 'CM_AEBController', DDict.LongCtrl.FCW.SwitchedOn: No such destination quantity
ERROR		FMU 'CM_AEBController', DDict.LongCtrl.FCW.WarnLevel: No such destination quantity
SIM_ABORT	aeb_csc_001_001	0s	0m
SIM_START	aeb_csc_001_001	2026-07-01 11:14:14
TIME	0.000
WARNING		FMU: Sending all FMU log output to file 'FMU_20260701-111414.log'
		Environment Generic: model disabled for entire Test Run (works only on route)
		Road Sensor: evaluation of route/path disabled (works only on route)
ERROR		Brake: Unknown kind 'ADAS_AEB', version 1
SIM_ABORT	aeb_csc_001_001	0s	0m
SIM_START	aeb_csc_001_001	2026-07-01 11:14:26
TIME	1.269
WARNING		FMU: Sending all FMU log output to file 'FMU_20260701-111426.log'
TIME	0.003
		Environment Generic: model disabled for entire Test Run (works only on route)
		Road Sensor: evaluation of route/path disabled (works only on route)
ERROR		Brake: Unknown kind 'ADAS_AEB', version 1
SIM_ABORT	aeb_csc_001_001	0s	0m
TIME	3.046
SIM_START	aeb_csc_001_001	2026-07-01 11:14:57
TIME	3.046
WARNING		FMU: Sending all FMU log output to file 'FMU_20260701-111457.log'
TIME	0.003
		Environment Generic: model disabled for entire Test Run (works only on route)
		Road Sensor: evaluation of route/path disabled (works only on route)
ERROR		Brake: Unknown kind 'ADAS_AEB', version 1
SIM_ABORT	aeb_csc_001_001	0s	0m
TIME	5.064
		Connection to GUI lost, initiate shutdown
SHUTDOWN	Automatic CarMaker shutdown initiated

