[2026-06-30 15:55:55.879] [Application] [warning] Invalid configuration file for Creator 'MovieNX'. Perhaps the file was not yet created? Path: C:/CM_Projects/ADAS_Demo1/MovieNX/data/Camera/Camera.cfg
[2026-06-30 15:56:04.490] [Application] [info] APO: Successfully connected to: CarMaker 15.1 - Car_Generic @ CPP00372923B(127.0.0.1):16132
[2026-06-30 15:56:04.506] [Application] [info] Using RenderSettingsProfile: RenderSettings_high.cfg -> template_high.render
[2026-06-30 15:56:04.651] [Application] [info] Loading Installed scripts...
[2026-06-30 15:56:04.652] [Application] [info] Loading User scripts...
[2026-06-30 15:56:04.668] [Application] [info] Loading project scripts...
[2026-06-30 15:56:04.669] [Application] [info] APO Client: Disconnecting...
[2026-06-30 15:56:04.704] [Application] [info] Loading Test Run from path C:/CM_Projects/ADAS_Demo1/Data/TestRun/.tmp_preview
[2026-06-30 15:56:06.540] [Application] [warning] Invalid configuration file for Creator 'MovieNX'. Perhaps the file was not yet created? Path: C:/CM_Projects/ADAS_Demo1/MovieNX/data/Camera/Camera.cfg
[2026-06-30 16:03:49.326] [Application] [info] APO Client: Disconnecting...
[2026-06-30 16:03:49.357] [Application] [info] Loading Test Run from path C:/CM_Projects/ADAS_Demo1/Data/TestRun/.tmp_preview
[2026-06-30 16:03:49.371] [Application] [error] reported by external module TrafficUtils: Start Position: Invalid lane object Id (297).

[2026-06-30 16:03:49.371] [Application] [error] initialization of start positions failed...
[2026-06-30 16:03:55.881] [Application] [info] APO: Successfully connected to: CarMaker 15.1 - Car_Generic @ CPP00372923B(10.38.222.230):16132
[2026-06-30 16:03:55.937] [Application] [info] Loaded Path Mapping with 0 mapped directories. Set CarMaker home dir to 'C:/IPG/carmaker/win64-15.1'
[2026-06-30 16:03:55.957] [Application] [info] Loading Test Run from path C:/CM_Projects/ADAS_Demo1/Data/TestRun/aeb_csc_001
[2026-06-30 16:04:04.349] [Application] [info] APO Client: Disconnecting...
[2026-06-30 16:04:04.377] [Application] [info] Loading Test Run from path C:/CM_Projects/ADAS_Demo1/Data/TestRun/.tmp_preview
[2026-06-30 16:04:04.390] [Application] [error] reported by external module TrafficUtils: Start Position: Invalid lane object Id (297).

[2026-06-30 16:04:04.390] [Application] [error] initialization of start positions failed...
[2026-06-30 16:10:40.260] [Application] [info] APO Client: Disconnecting...
[2026-06-30 16:10:40.289] [Application] [info] Loading Test Run from path C:/CM_Projects/ADAS_Demo1/Data/TestRun/.tmp_preview
[2026-06-30 16:10:45.562] [Application] [info] APO: Successfully connected to: CarMaker 15.1 - Car_Generic @ CPP00372923B(10.38.222.230):16132
[2026-06-30 16:10:45.602] [Application] [info] Loaded Path Mapping with 0 mapped directories. Set CarMaker home dir to 'C:/IPG/carmaker/win64-15.1'
[2026-06-30 16:10:45.623] [Application] [info] Loading Test Run from path C:/CM_Projects/ADAS_Demo1/Data/TestRun/aeb_csc_001
[2026-06-30 16:10:50.388] [Application] [info] APO Client: Disconnecting...
[2026-06-30 16:10:50.416] [Application] [info] Loading Test Run from path C:/CM_Projects/ADAS_Demo1/Data/TestRun/.tmp_preview
[2026-06-30 16:12:25.026] [Application] [info] APO Client: Disconnecting...
[2026-06-30 16:12:25.053] [Application] [info] Loading Test Run from path C:/CM_Projects/ADAS_Demo1/Data/TestRun/.tmp_preview
[2026-06-30 16:12:48.248] [Application] [info] APO Client: Disconnecting...
[2026-06-30 16:12:48.275] [Application] [info] Loading Test Run from path C:/CM_Projects/ADAS_Demo1/Data/TestRun/.tmp_preview
[2026-06-30 16:13:19.475] [Application] [info] APO Client: Disconnecting...
[2026-06-30 16:13:19.503] [Application] [info] Loading Test Run from path C:/CM_Projects/ADAS_Demo1/Data/TestRun/.tmp_preview
[2026-06-30 16:14:33.793] [Application] [info] APO Client: Disconnecting...
[2026-06-30 16:14:33.820] [Application] [info] Loading Test Run from path C:/CM_Projects/ADAS_Demo1/Data/TestRun/.tmp_preview
[2026-06-30 16:14:35.036] [Application] [info] APO Client: Disconnecting...
[2026-06-30 16:14:35.071] [Application] [info] Loading Test Run from path C:/CM_Projects/ADAS_Demo1/Data/TestRun/.tmp_preview
[2026-06-30 16:17:14.608] [Application] [info] APO Client: Disconnecting...
