

SYSTEM_START	-	CPP00372923B	CPP00372923B	2026-06-25 13:51:02


SYSTEM_INFO	CarMaker 15.1 - Car_Generic #3	jetbrains@16d9601a3450 2026-05-05 10:47:07	(15.1 jetbrains@16d9601a3450 2026-05-05 10:41:09)
SIM	1782370262	CPP00372923B			0	0	0
SIM	1782370263	CPP00372923B	TungNV68	acc_csc_003	1	0	0
SIM	1782370444	CPP00372923B	TungNV68	acc_csc_003_002	1	0	0
SIM	1782370453	CPP00372923B	TungNV68	acc_csc_003_002	1	0	0
SIM	1782370580	CPP00372923B	TungNV68	acc_csc_003_003	0	39.852	597.365
SIM	1782370653	CPP00372923B	TungNV68	acc_csc_003_003	0	39.23	588.037
SIM	1782370737	CPP00372923B	TungNV68	acc_csc_003_003	0	60.002	899.63
SIM	1782370850	CPP00372923B	TungNV68	acc_csc_003_003	0	39.389	590.427


SYSTEM_START	-	CPP00372923B	CPP00372923B	2026-06-25 14:30:09


SYSTEM_INFO	CarMaker 15.1 - Car_Generic #3	jetbrains@16d9601a3450 2026-05-05 10:47:07	(15.1 jetbrains@16d9601a3450 2026-05-05 10:41:09)
SIM	1782372609	CPP00372923B			0	0	0
SIM	1782372611	CPP00372923B	TungNV68	test_double_lanechange_trajectory	0	8.022	220.649
SIM	1782372627	CPP00372923B	TungNV68	test_double_lanechange_trajectory	2	0	0
SIM	1782372647	CPP00372923B	TungNV68	test_double_lanechange_trajectory	1	22.707	622.22
SIM	1782373133	CPP00372923B	TungNV68	test_double_lanechange_trajectory	0	10.93	300.49
SIM	1782373231	CPP00372923B	TungNV68	test_double_lanechange_trajectory	0	0.389	10.7631
SIM	1782373258	CPP00372923B	TungNV68	test_double_lanechange_trajectory	1	24.022	622.234
SIM	1782373332	CPP00372923B	TungNV68	acc_csc_001_001	1	41.634	624.446
SIM	1782374212	CPP00372923B	TungNV68	acc_csc_002_001	0	49.607	562.288
SIM	1782374269	CPP00372923B	TungNV68	acc_csc_002_001	1	51.918	624.439
SIM	1782374412	CPP00372923B	TungNV68	acc_csc_003_001	0	11.053	165.589
SIM	1782374525	CPP00372923B	TungNV68	acc_csc_003_001	0	30.027	456.009
SIM	1782374618	CPP00372923B	TungNV68	acc_csc_003_001	0	15.285	218.876
SIM	1782374691	CPP00372923B	TungNV68	acc_csc_004_001	1	52.298	624.446
SIM	1782374789	CPP00372923B	TungNV68	acc_csc_004_001	0	0	0
SIM	1782374794	CPP00372923B	TungNV68	acc_csc_004_001	0	50.002	584.984
SIM	1782375070	CPP00372923B	TungNV68	acc_csc_004_001	0	50.002	591.332
SIM	1782375184	CPP00372923B	TungNV68	acc_csc_004_001	0	50.002	586.225
SIM	1782376127	CPP00372923B	TungNV68	acc_csc_004_001	0	50.002	527.444
SIM	1782376184	CPP00372923B	TungNV68	acc_csc_004_001	0	50.002	523.216
SIM	1782377327	CPP00372923B	TungNV68	acc_csc_004_001	0	50.002	524.155
SIM	1782377385	CPP00372923B	TungNV68	acc_csc_004_001	0	50.002	522.415
SIM	1782377443	CPP00372923B	TungNV68	acc_csc_007_001	1	24.661	624.455
SIM	1782378804	CPP00372923B	TungNV68	acc_csc_004_001	0	5.831	87.1226
SIM	1782378824	CPP00372923B	TungNV68	acc_csc_004_001	0	50.002	523.537
SIM	1782378881	CPP00372923B	TungNV68	acc_csc_004_001	0	50.002	523.801
SIM	1782379165	CPP00372923B	TungNV68	acc_csc_004_001	0	50.002	522.568
SIM	1782379223	CPP00372923B	TungNV68	acc_csc_004_001	0	3.091	46.1069


SYSTEM_START	-	CPP00372923B	CPP00372923B	2026-06-25 16:33:54


SYSTEM_INFO	CarMaker 15.1 - Car_Generic #3	jetbrains@16d9601a3450 2026-05-05 10:47:07	(15.1 jetbrains@16d9601a3450 2026-05-05 10:41:09)
SIM	1782380035	CPP00372923B			0	0	0
SIM	1782380038	CPP00372923B	TungNV68	acc_csc_009_001	1	40.024	624.444


SYSTEM_START	-	CPP00372923B	CPP00372923B	2026-06-26 09:44:31


SYSTEM_INFO	CarMaker 15.1 - Car_Generic #3	jetbrains@16d9601a3450 2026-05-05 10:47:07	(15.1 jetbrains@16d9601a3450 2026-05-05 10:41:09)
SIM	1782441872	CPP00372923B			0	0	0
SIM	1782441874	CPP00372923B	ADAS	OSC_Imported/ACC/acc_csc_001	0	40.001	600.001
SIM	1782441878	CPP00372923B	ADAS	acc_csc_004_001	0	50.002	530.847
SIM	1782441882	CPP00372923B	ADAS	acc_csc_004_001	0	50.002	566.201
SIM	1782441894	CPP00372923B	ADAS	acc_csc_004_001	0	50.002	522.342
SIM	1782441914	CPP00372923B	ADAS	OSC_Imported/ACC/acc_csc_001	0	40.001	600.001
SIM	1782441919	CPP00372923B	ADAS	acc_csc_004_001	0	50.002	532.574
SIM	1782441925	CPP00372923B	ADAS	acc_csc_004_001	0	50.002	523.381
SIM	1782441930	CPP00372923B	ADAS	acc_csc_004_001	0	50.002	522.324
SIM	1782441943	CPP00372923B	ADAS	OSC_Imported/ACC/acc_csc_001	0	40.001	600.001
SIM	1782441986	CPP00372923B	ADAS	acc_csc_004_001	0	50.002	523.005
SIM	1782442040	CPP00372923B	ADAS	acc_csc_004_001	0	50.002	523.069
SIM	1782442093	CPP00372923B	ADAS	acc_csc_004_001	0	50.002	523.015
SIM	1782446975	CPP00372923B	ADAS	OSC_Imported/longitudinal_feature/ACC/acc_csc_004	1	0	523.015
SIM	1782446977	CPP00372923B	ADAS	acc_csc_004_001	0	50.002	526.656
SIM	1782446984	CPP00372923B	ADAS	acc_csc_004_001	0	50.002	522.986
SIM	1782446989	CPP00372923B	ADAS	acc_csc_004_001	0	50.002	525.643
SIM	1782447606	CPP00372923B	ADAS	OSC_Imported/longitudinal_feature/ACC/acc_csc_005	1	0	525.643
SIM	1782447608	CPP00372923B	ADAS	acc_csc_004_001	0	50.002	521.365
SIM	1782447614	CPP00372923B	ADAS	acc_csc_004_001	0	50.002	524.213
SIM	1782447621	CPP00372923B	ADAS	acc_csc_004_001	0	4.471	66.7846
SIM	1782447631	CPP00372923B	ADAS	OSC_Imported/longitudinal_feature/ACC/acc_csc_005	1	0	66.7846
SIM	1782447633	CPP00372923B	ADAS	acc_csc_004_001	0	16.187	232.002
SIM	1782448024	CPP00372923B	ADAS	OSC_Imported/longitudinal_feature/ACC/acc_csc_003	1	0	232.002
SIM	1782448026	CPP00372923B	ADAS	acc_csc_004_001	0	15.839	227.497
SIM	1782449313	CPP00372923B	ADAS	OSC_Imported/longitudinal_feature/ACC/acc_csc_003	0	50.002	523.79
SIM	1782449366	CPP00372923B	ADAS	acc_csc_004_001	0	18.466	259.422
SIM	1782454368	CPP00372923B	ADAS	OSC_Imported/longitudinal_feature/ACC/acc_csc_001	1	31.677	484.652
SIM	1782454380	CPP00372923B	ADAS	OSC_Imported/longitudinal_feature/ACC/acc_csc_002	1	32.106	483.828
SIM	1782454387	CPP00372923B	ADAS	OSC_Imported/longitudinal_feature/ACC/acc_csc_003	1	31.677	484.652
SIM	1782454394	CPP00372923B	ADAS	OSC_Imported/longitudinal_feature/ACC/acc_csc_004	1	31.828	484.358
SIM	1782454401	CPP00372923B	ADAS	OSC_Imported/longitudinal_feature/ACC/acc_csc_005	1	42.465	470.008
SIM	1782454411	CPP00372923B	ADAS	OSC_Imported/longitudinal_feature/ACC/acc_csc_006	1	42.519	469.964
SIM	1782454465	CPP00372923B	ADAS	OSC_Imported/longitudinal_feature/ACC/acc_csc_001	0	50.002	765.323
SIM	1782454475	CPP00372923B	ADAS	OSC_Imported/longitudinal_feature/ACC/acc_csc_002	0	50.002	586.284
SIM	1782454486	CPP00372923B	ADAS	OSC_Imported/longitudinal_feature/ACC/acc_csc_003	0	0	0
SIM	1782454963	CPP00372923B	ADAS	OSC_Imported/longitudinal_feature/ACC/acc_csc_001	0	50.002	749.549
SIM	1782454969	CPP00372923B	ADAS	OSC_Imported/longitudinal_feature/ACC/acc_csc_002	0	50.002	749.549
SIM	1782454976	CPP00372923B	ADAS	OSC_Imported/longitudinal_feature/ACC/acc_csc_003	0	50.002	749.616
SIM	1782454982	CPP00372923B	ADAS	OSC_Imported/longitudinal_feature/ACC/acc_csc_004	0	50.002	749.616
SIM	1782454989	CPP00372923B	ADAS	OSC_Imported/longitudinal_feature/ACC/acc_csc_005	0	50.002	549.656
SIM	1782454996	CPP00372923B	ADAS	OSC_Imported/longitudinal_feature/ACC/acc_csc_006	0	50.002	549.656
SIM	1782455003	CPP00372923B	ADAS	OSC_Imported/longitudinal_feature/ACC/acc_csc_007	0	50.002	1249.3
SIM	1782455010	CPP00372923B	ADAS	OSC_Imported/longitudinal_feature/ACC/acc_csc_008	0	50.002	749.616
SIM	1782455017	CPP00372923B	ADAS	OSC_Imported/longitudinal_feature/ACC/acc_csc_009	0	50.002	749.616
SIM	1782455024	CPP00372923B	ADAS	OSC_Imported/longitudinal_feature/ACC/acc_csc_010	0	50.002	999.474
SIM	1782455031	CPP00372923B	ADAS	OSC_Imported/longitudinal_feature/ACC/acc_csc_011	0	50.002	999.474
SIM	1782455038	CPP00372923B	ADAS	OSC_Imported/longitudinal_feature/ACC/acc_csc_012	0	50.002	349.565
SIM	1782455046	CPP00372923B	ADAS	OSC_Imported/longitudinal_feature/ACC/acc_csc_013	0	50.002	349.565
SIM	1782455053	CPP00372923B	ADAS	OSC_Imported/longitudinal_feature/ACC/acc_csc_014	1	9.48	141.431
SIM	1782455059	CPP00372923B	ADAS	OSC_Imported/longitudinal_feature/ACC/acc_csc_015	1	9.459	141.118
SIM	1782455065	CPP00372923B	ADAS	OSC_Imported/longitudinal_feature/ACC/acc_csc_016	1	6.453	95.972
SIM	1782455070	CPP00372923B	ADAS	OSC_Imported/longitudinal_feature/ACC/acc_csc_017	1	6.452	95.9571
SIM	1782455076	CPP00372923B	ADAS	OSC_Imported/longitudinal_feature/ACC/acc_csc_018	1	7.399	110.19
SIM	1782455082	CPP00372923B	ADAS	OSC_Imported/longitudinal_feature/ACC/acc_csc_019	1	7.399	110.19
SIM	1782455624	CPP00372923B	ADAS	OSC_Imported/longitudinal_feature/ACC/acc_csc_001	0	50.002	739.976
SIM	1782455679	CPP00372923B	ADAS	OSC_Imported/longitudinal_feature/ACC/acc_csc_001	0	50.002	970.477
SIM	1782455735	CPP00372923B	ADAS	OSC_Imported/longitudinal_feature/ACC/acc_csc_002	0	50.002	583.299
SIM	1782455790	CPP00372923B	ADAS	OSC_Imported/longitudinal_feature/ACC/acc_csc_003	0	0.153	2.19792
SIM	1782456068	CPP00372923B	ADAS	OSC_Imported/longitudinal_feature/ACC/acc_csc_001	0	50.002	450.936
SIM	1782456124	CPP00372923B	ADAS	OSC_Imported/longitudinal_feature/ACC/acc_csc_001	0	50.002	739.976
SIM	1782456179	CPP00372923B	ADAS	OSC_Imported/longitudinal_feature/ACC/acc_csc_001	0	50.002	970.477
SIM	1782456235	CPP00372923B	ADAS	OSC_Imported/longitudinal_feature/ACC/acc_csc_002	0	50.002	471.082
SIM	1782456290	CPP00372923B	ADAS	OSC_Imported/longitudinal_feature/ACC/acc_csc_002	0	50.002	693.572
SIM	1782456345	CPP00372923B	ADAS	OSC_Imported/longitudinal_feature/ACC/acc_csc_002	0	50.002	802.053
SIM	1782456401	CPP00372923B	ADAS	OSC_Imported/longitudinal_feature/ACC/acc_csc_002	0	37.26	732.288
SIM	1782457848	CPP00372923B	ADAS	OSC_Imported/longitudinal_feature/ACC/acc_csc_001	0	50.002	765.323
SIM	1782457869	CPP00372923B	ADAS	OSC_Imported/longitudinal_feature/ACC/acc_csc_002	0	50.002	762.933
SIM	1782457880	CPP00372923B	ADAS	OSC_Imported/longitudinal_feature/ACC/acc_csc_003	0	50.002	764.758
SIM	1782457891	CPP00372923B	ADAS	OSC_Imported/longitudinal_feature/ACC/acc_csc_004	0	50.002	765.041
SIM	1782457902	CPP00372923B	ADAS	OSC_Imported/longitudinal_feature/ACC/acc_csc_005	0	50.002	550.07
SIM	1782457914	CPP00372923B	ADAS	OSC_Imported/longitudinal_feature/ACC/acc_csc_006	0	14.854	163.347


SYSTEM_START	-	CPP00372923B	CPP00372923B	2026-06-26 15:57:09


SYSTEM_INFO	CarMaker 15.1 - Car_Generic #3	jetbrains@16d9601a3450 2026-05-05 10:47:07	(15.1 jetbrains@16d9601a3450 2026-05-05 10:41:09)
SIM	1782464229	CPP00372923B			0	0	0
SIM	1782465827	CPP00372923B	ADAS	OSC_Imported/longitudinal_feature/ACC/acc_csc_001	0	50.002	741.276
SIM	1782465831	CPP00372923B	ADAS	OSC_Imported/longitudinal_feature/ACC/acc_csc_001	0	50.002	749.937
SIM	1782465836	CPP00372923B	ADAS	OSC_Imported/longitudinal_feature/ACC/acc_csc_001	0	50.002	986.034
SIM	1782465841	CPP00372923B	ADAS	OSC_Imported/longitudinal_feature/ACC/acc_csc_001	0	50.002	1229.22
SIM	1782465845	CPP00372923B	ADAS	OSC_Imported/longitudinal_feature/ACC/acc_csc_001	0	50.002	1464.34
SIM	1782465850	CPP00372923B	ADAS	OSC_Imported/longitudinal_feature/ACC/acc_csc_002	0	50.002	359.666
SIM	1782465854	CPP00372923B	ADAS	OSC_Imported/longitudinal_feature/ACC/acc_csc_002	0	50.002	780.251
SIM	1782465859	CPP00372923B	ADAS	OSC_Imported/longitudinal_feature/ACC/acc_csc_002	0	50.002	793.245
SIM	1782465863	CPP00372923B	ADAS	OSC_Imported/longitudinal_feature/ACC/acc_csc_002	0	50.002	904.793
SIM	1782465868	CPP00372923B	ADAS	OSC_Imported/longitudinal_feature/ACC/acc_csc_002	0	50.002	1223.85
SIM	1782465873	CPP00372923B	ADAS	OSC_Imported/longitudinal_feature/ACC/acc_csc_003	0	50.002	600.33
SIM	1782465877	CPP00372923B	ADAS	OSC_Imported/longitudinal_feature/ACC/acc_csc_003	0	50.002	749.696
SIM	1782465882	CPP00372923B	ADAS	OSC_Imported/longitudinal_feature/ACC/acc_csc_003	0	50.002	999.684
SIM	1782465886	CPP00372923B	ADAS	OSC_Imported/longitudinal_feature/ACC/acc_csc_003	0	50.002	1249.15
SIM	1782465891	CPP00372923B	ADAS	OSC_Imported/longitudinal_feature/ACC/acc_csc_003	0	50.002	1497.61
SIM	1782465896	CPP00372923B	ADAS	OSC_Imported/longitudinal_feature/ACC/acc_csc_004	0	50.002	600.347
SIM	1782465900	CPP00372923B	ADAS	OSC_Imported/longitudinal_feature/ACC/acc_csc_004	0	50.002	751.777
SIM	1782465905	CPP00372923B	ADAS	OSC_Imported/longitudinal_feature/ACC/acc_csc_004	0	50.002	999.684
SIM	1782465909	CPP00372923B	ADAS	OSC_Imported/longitudinal_feature/ACC/acc_csc_004	0	50.002	1249.15
SIM	1782465914	CPP00372923B	ADAS	OSC_Imported/longitudinal_feature/ACC/acc_csc_004	0	50.002	1497.72
SIM	1782465919	CPP00372923B	ADAS	OSC_Imported/longitudinal_feature/ACC/acc_csc_005	0	50.002	492.653
SIM	1782465924	CPP00372923B	ADAS	OSC_Imported/longitudinal_feature/ACC/acc_csc_005	0	50.002	482.894
SIM	1782465929	CPP00372923B	ADAS	OSC_Imported/longitudinal_feature/ACC/acc_csc_005	0	50.002	642.693
SIM	1782465935	CPP00372923B	ADAS	OSC_Imported/longitudinal_feature/ACC/acc_csc_005	0	50.002	928.729
SIM	1782465940	CPP00372923B	ADAS	OSC_Imported/longitudinal_feature/ACC/acc_csc_005	0	50.002	1256.95
SIM	1782465945	CPP00372923B	ADAS	OSC_Imported/longitudinal_feature/ACC/acc_csc_006	0	50.002	492.587
SIM	1782465950	CPP00372923B	ADAS	OSC_Imported/longitudinal_feature/ACC/acc_csc_006	0	50.002	517.115
SIM	1782465955	CPP00372923B	ADAS	OSC_Imported/longitudinal_feature/ACC/acc_csc_006	0	50.002	642.476
SIM	1782465961	CPP00372923B	ADAS	OSC_Imported/longitudinal_feature/ACC/acc_csc_006	0	50.002	930.012
SIM	1782465966	CPP00372923B	ADAS	OSC_Imported/longitudinal_feature/ACC/acc_csc_006	0	50.002	1201.76
SIM	1782465972	CPP00372923B	ADAS	OSC_Imported/longitudinal_feature/ACC/acc_csc_007	0	50.002	1029.19
SIM	1782465976	CPP00372923B	ADAS	OSC_Imported/longitudinal_feature/ACC/acc_csc_007	0	50.002	1271.46
SIM	1782465981	CPP00372923B	ADAS	OSC_Imported/longitudinal_feature/ACC/acc_csc_007	0	50.002	1498.33
SIM	1782465986	CPP00372923B	ADAS	OSC_Imported/longitudinal_feature/ACC/acc_csc_007	0	50.002	1126.81
SIM	1782465990	CPP00372923B	ADAS	OSC_Imported/longitudinal_feature/ACC/acc_csc_007	0	50.002	1398.67
SIM	1782465995	CPP00372923B	ADAS	OSC_Imported/longitudinal_feature/ACC/acc_csc_008	0	50.002	646.21
SIM	1782466000	CPP00372923B	ADAS	OSC_Imported/longitudinal_feature/ACC/acc_csc_008	0	50.002	786.235
SIM	1782466004	CPP00372923B	ADAS	OSC_Imported/longitudinal_feature/ACC/acc_csc_008	0	50.002	1032.08
SIM	1782466009	CPP00372923B	ADAS	OSC_Imported/longitudinal_feature/ACC/acc_csc_008	0	50.002	1266.98
SIM	1782466014	CPP00372923B	ADAS	OSC_Imported/longitudinal_feature/ACC/acc_csc_008	0	50.002	1504.49
SIM	1782466019	CPP00372923B	ADAS	OSC_Imported/longitudinal_feature/ACC/acc_csc_009	0	50.002	646.206
SIM	1782466024	CPP00372923B	ADAS	OSC_Imported/longitudinal_feature/ACC/acc_csc_009	0	50.002	786.236
SIM	1782466028	CPP00372923B	ADAS	OSC_Imported/longitudinal_feature/ACC/acc_csc_009	0	50.002	1031.69
SIM	1782466033	CPP00372923B	ADAS	OSC_Imported/longitudinal_feature/ACC/acc_csc_009	0	50.002	1263.27
SIM	1782466037	CPP00372923B	ADAS	OSC_Imported/longitudinal_feature/ACC/acc_csc_009	0	50.002	1504.25
SIM	1782466043	CPP00372923B	ADAS	OSC_Imported/longitudinal_feature/ACC/acc_csc_010	0	50.002	928.064
SIM	1782466048	CPP00372923B	ADAS	OSC_Imported/longitudinal_feature/ACC/acc_csc_010	0	50.002	1029.18
SIM	1782466053	CPP00372923B	ADAS	OSC_Imported/longitudinal_feature/ACC/acc_csc_010	0	50.002	1219.03
SIM	1782466058	CPP00372923B	ADAS	OSC_Imported/longitudinal_feature/ACC/acc_csc_010	0	50.002	1400.35
SIM	1782466063	CPP00372923B	ADAS	OSC_Imported/longitudinal_feature/ACC/acc_csc_010	0	50.002	1469.4
SIM	1782466069	CPP00372923B	ADAS	OSC_Imported/longitudinal_feature/ACC/acc_csc_011	0	50.002	928.064
SIM	1782466074	CPP00372923B	ADAS	OSC_Imported/longitudinal_feature/ACC/acc_csc_011	0	50.002	1029.18
SIM	1782466079	CPP00372923B	ADAS	OSC_Imported/longitudinal_feature/ACC/acc_csc_011	0	50.002	1202.04
SIM	1782466085	CPP00372923B	ADAS	OSC_Imported/longitudinal_feature/ACC/acc_csc_011	0	50.002	1400.51
SIM	1782466090	CPP00372923B	ADAS	OSC_Imported/longitudinal_feature/ACC/acc_csc_011	0	50.002	1486.3
SIM	1782466095	CPP00372923B	ADAS	OSC_Imported/longitudinal_feature/ACC/acc_csc_012	0	50.002	295.631
SIM	1782466101	CPP00372923B	ADAS	OSC_Imported/longitudinal_feature/ACC/acc_csc_012	0	50.002	377.05
SIM	1782466106	CPP00372923B	ADAS	OSC_Imported/longitudinal_feature/ACC/acc_csc_012	0	50.002	497.647
SIM	1782466111	CPP00372923B	ADAS	OSC_Imported/longitudinal_feature/ACC/acc_csc_012	0	50.002	599.848
SIM	1782466116	CPP00372923B	ADAS	OSC_Imported/longitudinal_feature/ACC/acc_csc_012	0	50.002	747.137
SIM	1782466122	CPP00372923B	ADAS	OSC_Imported/longitudinal_feature/ACC/acc_csc_013	0	50.002	272.438
SIM	1782466127	CPP00372923B	ADAS	OSC_Imported/longitudinal_feature/ACC/acc_csc_013	0	50.002	372.202
SIM	1782466132	CPP00372923B	ADAS	OSC_Imported/longitudinal_feature/ACC/acc_csc_013	0	50.002	497.785
SIM	1782466137	CPP00372923B	ADAS	OSC_Imported/longitudinal_feature/ACC/acc_csc_013	0	50.002	599.897
SIM	1782466142	CPP00372923B	ADAS	OSC_Imported/longitudinal_feature/ACC/acc_csc_013	0	50.002	747.137
SIM	1782466148	CPP00372923B	ADAS	OSC_Imported/longitudinal_feature/ACC/acc_csc_014	0	50.002	729.589
SIM	1782466152	CPP00372923B	ADAS	OSC_Imported/longitudinal_feature/ACC/acc_csc_014	0	50.002	763.555
SIM	1782466157	CPP00372923B	ADAS	OSC_Imported/longitudinal_feature/ACC/acc_csc_014	0	50.002	1009.43
SIM	1782466162	CPP00372923B	ADAS	OSC_Imported/longitudinal_feature/ACC/acc_csc_014	0	50.002	1257.27
SIM	1782466166	CPP00372923B	ADAS	OSC_Imported/longitudinal_feature/ACC/acc_csc_014	0	50.002	1456.16
SIM	1782466172	CPP00372923B	ADAS	OSC_Imported/longitudinal_feature/ACC/acc_csc_015	0	50.002	743.072
SIM	1782466176	CPP00372923B	ADAS	OSC_Imported/longitudinal_feature/ACC/acc_csc_015	0	50.002	763.831
SIM	1782466181	CPP00372923B	ADAS	OSC_Imported/longitudinal_feature/ACC/acc_csc_015	0	50.002	1012.82
SIM	1782466185	CPP00372923B	ADAS	OSC_Imported/longitudinal_feature/ACC/acc_csc_015	0	50.002	1260.48
SIM	1782466190	CPP00372923B	ADAS	OSC_Imported/longitudinal_feature/ACC/acc_csc_015	0	50.002	497.781
SIM	1782466195	CPP00372923B	ADAS	OSC_Imported/longitudinal_feature/ACC/acc_csc_016	0	50.002	758.516
SIM	1782466200	CPP00372923B	ADAS	OSC_Imported/longitudinal_feature/ACC/acc_csc_016	0	50.002	796.645
SIM	1782466204	CPP00372923B	ADAS	OSC_Imported/longitudinal_feature/ACC/acc_csc_016	0	50.002	201.672
SIM	1782466209	CPP00372923B	ADAS	OSC_Imported/longitudinal_feature/ACC/acc_csc_016	1	17.436	257.226
SIM	1782466212	CPP00372923B	ADAS	OSC_Imported/longitudinal_feature/ACC/acc_csc_016	1	14.198	317.462
SIM	1782466217	CPP00372923B	ADAS	OSC_Imported/longitudinal_feature/ACC/acc_csc_017	0	50.002	758.52
SIM	1782466221	CPP00372923B	ADAS	OSC_Imported/longitudinal_feature/ACC/acc_csc_017	0	50.002	748.869
SIM	1782466226	CPP00372923B	ADAS	OSC_Imported/longitudinal_feature/ACC/acc_csc_017	0	50.002	193.578
SIM	1782466230	CPP00372923B	ADAS	OSC_Imported/longitudinal_feature/ACC/acc_csc_017	1	10.333	239.306
SIM	1782466234	CPP00372923B	ADAS	OSC_Imported/longitudinal_feature/ACC/acc_csc_017	0	50.002	513.238
SIM	1782466239	CPP00372923B	ADAS	OSC_Imported/longitudinal_feature/ACC/acc_csc_018	0	50.002	746.316
SIM	1782466244	CPP00372923B	ADAS	OSC_Imported/longitudinal_feature/ACC/acc_csc_018	0	50.002	748.119
SIM	1782466248	CPP00372923B	ADAS	OSC_Imported/longitudinal_feature/ACC/acc_csc_018	0	50.002	228.798
SIM	1782466253	CPP00372923B	ADAS	OSC_Imported/longitudinal_feature/ACC/acc_csc_018	0	50.002	783.849
SIM	1782466257	CPP00372923B	ADAS	OSC_Imported/longitudinal_feature/ACC/acc_csc_018	1	14.733	348.755
SIM	1782466261	CPP00372923B	ADAS	OSC_Imported/longitudinal_feature/ACC/acc_csc_019	0	50.002	747.182
SIM	1782466266	CPP00372923B	ADAS	OSC_Imported/longitudinal_feature/ACC/acc_csc_019	0	50.002	748.176
SIM	1782466270	CPP00372923B	ADAS	OSC_Imported/longitudinal_feature/ACC/acc_csc_019	0	50.002	217.109
SIM	1782466275	CPP00372923B	ADAS	OSC_Imported/longitudinal_feature/ACC/acc_csc_019	1	11.488	264.985
SIM	1782466278	CPP00372923B	ADAS	OSC_Imported/longitudinal_feature/ACC/acc_csc_019	1	18.131	372.686


SYSTEM_START	-	CPP00372923B	CPP00372923B	2026-06-29 17:28:17


SYSTEM_INFO	CarMaker 15.1 - Car_Generic #3	jetbrains@16d9601a3450 2026-05-05 10:47:07	(15.1 jetbrains@16d9601a3450 2026-05-05 10:41:09)
SIM	1782728897	CPP00372923B			0	0	0
SIM	1782728995	CPP00372923B	TungNV68	OSC_Imported/longitudinal_feature/ACC/acc_csc_001	5	0	0
SIM	1782728998	CPP00372923B	TungNV68	OSC_Imported/longitudinal_feature/ACC/acc_csc_001	5	0	0
SIM	1782729001	CPP00372923B	TungNV68	OSC_Imported/longitudinal_feature/ACC/acc_csc_001	5	0	0
SIM	1782729004	CPP00372923B	TungNV68	OSC_Imported/longitudinal_feature/ACC/acc_csc_001	5	0	0
SIM	1782729007	CPP00372923B	TungNV68	OSC_Imported/longitudinal_feature/ACC/acc_csc_001	5	0	0
SIM	1782729011	CPP00372923B	TungNV68	OSC_Imported/longitudinal_feature/ACC/acc_csc_002	5	0	0
SIM	1782729014	CPP00372923B	TungNV68	OSC_Imported/longitudinal_feature/ACC/acc_csc_002	5	0	0
SIM	1782729087	CPP00372923B	TungNV68	OSC_Imported/longitudinal_feature/ACC/acc_csc_001	5	0	0
SIM	1782729090	CPP00372923B	TungNV68	OSC_Imported/longitudinal_feature/ACC/acc_csc_001	5	0	0
SIM	1782729093	CPP00372923B	TungNV68	OSC_Imported/longitudinal_feature/ACC/acc_csc_001	5	0	0
SIM	1782729096	CPP00372923B	TungNV68	OSC_Imported/longitudinal_feature/ACC/acc_csc_001	5	0	0


SYSTEM_START	-	CPP00372923B	CPP00372923B	2026-06-29 18:06:03


SYSTEM_INFO	CarMaker 15.1 - Car_Generic #3	jetbrains@16d9601a3450 2026-05-05 10:47:07	(15.1 jetbrains@16d9601a3450 2026-05-05 10:41:09)
SIM	1782731163	CPP00372923B			0	0	0
SIM	1782731168	CPP00372923B	ADAS	OSC_Imported/longitudinal_feature/ACC/acc_csc_001	5	0	0
SIM	1782731172	CPP00372923B	ADAS	OSC_Imported/longitudinal_feature/ACC/acc_csc_001	5	0	0
SIM	1782731177	CPP00372923B	ADAS	OSC_Imported/longitudinal_feature/ACC/acc_csc_001	5	0	0
SIM	1782731182	CPP00372923B	ADAS	OSC_Imported/longitudinal_feature/ACC/acc_csc_001	5	0	0
SIM	1782733146	CPP00372923B	ADAS	OSC_Imported/longitudinal_feature/ACC/acc_csc_001	0	50.002	739.976
SIM	1782733157	CPP00372923B	ADAS	OSC_Imported/longitudinal_feature/ACC/acc_csc_001	0	50.002	765.323
SIM	1782733168	CPP00372923B	ADAS	OSC_Imported/longitudinal_feature/ACC/acc_csc_001	0	50.002	970.477
SIM	1782733179	CPP00372923B	ADAS	OSC_Imported/longitudinal_feature/ACC/acc_csc_001	0	50.002	1198.54
SIM	1782733191	CPP00372923B	ADAS	OSC_Imported/longitudinal_feature/ACC/acc_csc_001	0	50.002	1419.82
SIM	1782733202	CPP00372923B	ADAS	OSC_Imported/longitudinal_feature/ACC/acc_csc_002	0	6.798	61.9576
SIM	1782738054	CPP00372923B	ADAS	OSC_Imported/longitudinal_feature/ACC/acc_csc_001	0	50.002	739.976
SIM	1782738066	CPP00372923B	ADAS	OSC_Imported/longitudinal_feature/ACC/acc_csc_001	0	50.002	765.323
SIM	1782738078	CPP00372923B	ADAS	OSC_Imported/longitudinal_feature/ACC/acc_csc_001	0	50.002	970.477
SIM	1782738090	CPP00372923B	ADAS	OSC_Imported/longitudinal_feature/ACC/acc_csc_001	0	50.002	1198.54
SIM	1782738102	CPP00372923B	ADAS	OSC_Imported/longitudinal_feature/ACC/acc_csc_001	0	50.002	1419.82
SIM	1782738113	CPP00372923B	ADAS	OSC_Imported/longitudinal_feature/ACC/acc_csc_002	0	50.002	335.697
SIM	1782738125	CPP00372923B	ADAS	OSC_Imported/longitudinal_feature/ACC/acc_csc_002	0	50.002	770.164
SIM	1782738136	CPP00372923B	ADAS	OSC_Imported/longitudinal_feature/ACC/acc_csc_002	0	50.002	728.926
SIM	1782738148	CPP00372923B	ADAS	OSC_Imported/longitudinal_feature/ACC/acc_csc_002	0	50.002	879.601
SIM	1782738160	CPP00372923B	ADAS	OSC_Imported/longitudinal_feature/ACC/acc_csc_002	0	50.002	1131.21
SIM	1782738172	CPP00372923B	ADAS	OSC_Imported/longitudinal_feature/ACC/acc_csc_003	0	50.002	600.313
SIM	1782738183	CPP00372923B	ADAS	OSC_Imported/longitudinal_feature/ACC/acc_csc_003	0	50.002	758.462
SIM	1782738195	CPP00372923B	ADAS	OSC_Imported/longitudinal_feature/ACC/acc_csc_003	0	50.002	999.913
SIM	1782738207	CPP00372923B	ADAS	OSC_Imported/longitudinal_feature/ACC/acc_csc_003	0	50.002	1248.15
SIM	1782738218	CPP00372923B	ADAS	OSC_Imported/longitudinal_feature/ACC/acc_csc_003	0	50.002	1495.57
SIM	1782738230	CPP00372923B	ADAS	OSC_Imported/longitudinal_feature/ACC/acc_csc_004	0	50.002	600.358
SIM	1782738242	CPP00372923B	ADAS	OSC_Imported/longitudinal_feature/ACC/acc_csc_004	0	50.002	750.783
SIM	1782738253	CPP00372923B	ADAS	OSC_Imported/longitudinal_feature/ACC/acc_csc_004	0	50.002	1004.55
SIM	1782738264	CPP00372923B	ADAS	OSC_Imported/longitudinal_feature/ACC/acc_csc_004	0	50.002	1248.15
SIM	1782738276	CPP00372923B	ADAS	OSC_Imported/longitudinal_feature/ACC/acc_csc_004	0	50.002	1495.52
SIM	1782738288	CPP00372923B	ADAS	OSC_Imported/longitudinal_feature/ACC/acc_csc_005	0	50.002	491.748
SIM	1782738300	CPP00372923B	ADAS	OSC_Imported/longitudinal_feature/ACC/acc_csc_005	0	50.002	490.851
SIM	1782738312	CPP00372923B	ADAS	OSC_Imported/longitudinal_feature/ACC/acc_csc_005	0	50.002	642.514
SIM	1782738324	CPP00372923B	ADAS	OSC_Imported/longitudinal_feature/ACC/acc_csc_005	0	50.002	936.446
SIM	1782738336	CPP00372923B	ADAS	OSC_Imported/longitudinal_feature/ACC/acc_csc_005	0	50.002	1243.24
SIM	1782738349	CPP00372923B	ADAS	OSC_Imported/longitudinal_feature/ACC/acc_csc_006	0	50.002	492.073
SIM	1782738360	CPP00372923B	ADAS	OSC_Imported/longitudinal_feature/ACC/acc_csc_006	0	50.002	519.032
SIM	1782738373	CPP00372923B	ADAS	OSC_Imported/longitudinal_feature/ACC/acc_csc_006	0	50.002	645.207
SIM	1782738385	CPP00372923B	ADAS	OSC_Imported/longitudinal_feature/ACC/acc_csc_006	0	50.002	934.275
SIM	1782738397	CPP00372923B	ADAS	OSC_Imported/longitudinal_feature/ACC/acc_csc_006	0	50.002	1191.34
SIM	1782738409	CPP00372923B	ADAS	OSC_Imported/longitudinal_feature/ACC/acc_csc_007	0	50.002	1000.54
SIM	1782738421	CPP00372923B	ADAS	OSC_Imported/longitudinal_feature/ACC/acc_csc_007	0	50.002	1248.18
SIM	1782738432	CPP00372923B	ADAS	OSC_Imported/longitudinal_feature/ACC/acc_csc_007	0	50.002	1500.15
SIM	1782738444	CPP00372923B	ADAS	OSC_Imported/longitudinal_feature/ACC/acc_csc_007	0	50.002	1099.66
SIM	1782738455	CPP00372923B	ADAS	OSC_Imported/longitudinal_feature/ACC/acc_csc_007	0	50.002	1397.3
SIM	1782738467	CPP00372923B	ADAS	OSC_Imported/longitudinal_feature/ACC/acc_csc_008	0	50.002	646.449
SIM	1782738478	CPP00372923B	ADAS	OSC_Imported/longitudinal_feature/ACC/acc_csc_008	0	50.002	784.175
SIM	1782738490	CPP00372923B	ADAS	OSC_Imported/longitudinal_feature/ACC/acc_csc_008	0	50.002	1026.52
SIM	1782738501	CPP00372923B	ADAS	OSC_Imported/longitudinal_feature/ACC/acc_csc_008	0	50.002	1261.54
SIM	1782738513	CPP00372923B	ADAS	OSC_Imported/longitudinal_feature/ACC/acc_csc_008	0	50.002	1498.62
SIM	1782738525	CPP00372923B	ADAS	OSC_Imported/longitudinal_feature/ACC/acc_csc_009	0	50.002	646.237
SIM	1782738536	CPP00372923B	ADAS	OSC_Imported/longitudinal_feature/ACC/acc_csc_009	0	50.002	784.111
SIM	1782738548	CPP00372923B	ADAS	OSC_Imported/longitudinal_feature/ACC/acc_csc_009	0	50.002	1026.74
SIM	1782738559	CPP00372923B	ADAS	OSC_Imported/longitudinal_feature/ACC/acc_csc_009	0	46.855	1178.6
SIM	1782740972	CPP00372923B	ADAS	acc_csc_004_001	0	14.341	206.426
SIM	1782741030	CPP00372923B	ADAS	acc_csc_002_001	0	50.002	424.714
SIM	1782741125	CPP00372923B	ADAS	acc_csc_002_001	1	0	424.714
SIM	1782741147	CPP00372923B	ADAS	acc_csc_002_001	2	0	0
SIM	1782741169	CPP00372923B	ADAS	acc_csc_002_001	0	50.002	519.347
SIM	1782741319	CPP00372923B	ADAS	acc_csc_002_001	0	50.002	519.323
SIM	1782741527	CPP00372923B	ADAS	OSC_Imported/longitudinal_feature/ACC/acc_csc_001	0	50.002	739.087
SIM	1782741545	CPP00372923B	ADAS	OSC_Imported/longitudinal_feature/ACC/acc_csc_001	0	50.002	763.918
SIM	1782741557	CPP00372923B	ADAS	OSC_Imported/longitudinal_feature/ACC/acc_csc_001	0	50.002	967.891
SIM	1782741569	CPP00372923B	ADAS	OSC_Imported/longitudinal_feature/ACC/acc_csc_001	0	50.002	1196
SIM	1782741582	CPP00372923B	ADAS	OSC_Imported/longitudinal_feature/ACC/acc_csc_001	0	50.002	1417.37
SIM	1782741594	CPP00372923B	ADAS	OSC_Imported/longitudinal_feature/ACC/acc_csc_002	0	50.002	363.835
SIM	1782741607	CPP00372923B	ADAS	OSC_Imported/longitudinal_feature/ACC/acc_csc_002	0	50.002	518.8
SIM	1782741620	CPP00372923B	ADAS	OSC_Imported/longitudinal_feature/ACC/acc_csc_002	0	50.002	740.658
SIM	1782741632	CPP00372923B	ADAS	OSC_Imported/longitudinal_feature/ACC/acc_csc_002	0	50.002	769.676
SIM	1782741644	CPP00372923B	ADAS	OSC_Imported/longitudinal_feature/ACC/acc_csc_002	0	50.002	784.433
SIM	1782741657	CPP00372923B	ADAS	OSC_Imported/longitudinal_feature/ACC/acc_csc_003	0	50.002	414.848
SIM	1782741669	CPP00372923B	ADAS	OSC_Imported/longitudinal_feature/ACC/acc_csc_003	0	50.002	460.652
SIM	1782741682	CPP00372923B	ADAS	OSC_Imported/longitudinal_feature/ACC/acc_csc_003	0	50.002	591.372
SIM	1782741793	CPP00372923B	ADAS	OSC_Imported/longitudinal_feature/ACC/acc_csc_003	0	0	0
SIM	1782741805	CPP00372923B	ADAS	OSC_Imported/longitudinal_feature/ACC/acc_csc_001	0	50.002	748.388
SIM	1782741817	CPP00372923B	ADAS	OSC_Imported/longitudinal_feature/ACC/acc_csc_001	0	50.002	764.525
SIM	1782741830	CPP00372923B	ADAS	OSC_Imported/longitudinal_feature/ACC/acc_csc_001	0	50.002	965.956
SIM	1782741842	CPP00372923B	ADAS	OSC_Imported/longitudinal_feature/ACC/acc_csc_001	0	50.002	1183.66
SIM	1782741855	CPP00372923B	ADAS	OSC_Imported/longitudinal_feature/ACC/acc_csc_001	0	50.002	1397.97
SIM	1782741867	CPP00372923B	ADAS	OSC_Imported/longitudinal_feature/ACC/acc_csc_002	0	50.002	344.456
SIM	1782741880	CPP00372923B	ADAS	OSC_Imported/longitudinal_feature/ACC/acc_csc_002	0	50.002	429.883
SIM	1782741892	CPP00372923B	ADAS	OSC_Imported/longitudinal_feature/ACC/acc_csc_002	0	50.002	725.379
SIM	1782741905	CPP00372923B	ADAS	OSC_Imported/longitudinal_feature/ACC/acc_csc_002	0	50.002	871.268
SIM	1782741917	CPP00372923B	ADAS	OSC_Imported/longitudinal_feature/ACC/acc_csc_002	0	50.002	1095.63
SIM	1782741929	CPP00372923B	ADAS	OSC_Imported/longitudinal_feature/ACC/acc_csc_003	0	50.002	596.932
SIM	1782741942	CPP00372923B	ADAS	OSC_Imported/longitudinal_feature/ACC/acc_csc_003	0	50.002	767.114
SIM	1782741962	CPP00372923B	ADAS	OSC_Imported/longitudinal_feature/ACC/acc_csc_003	0	50.002	1014.39
SIM	1782741973	CPP00372923B	ADAS	OSC_Imported/longitudinal_feature/ACC/acc_csc_003	0	50.002	1252.55
SIM	1782741983	CPP00372923B	ADAS	OSC_Imported/longitudinal_feature/ACC/acc_csc_003	0	50.002	1492.25
SIM	1782741994	CPP00372923B	ADAS	OSC_Imported/longitudinal_feature/ACC/acc_csc_004	0	50.002	596.932
SIM	1782742004	CPP00372923B	ADAS	OSC_Imported/longitudinal_feature/ACC/acc_csc_004	0	50.002	767.114
SIM	1782742014	CPP00372923B	ADAS	OSC_Imported/longitudinal_feature/ACC/acc_csc_004	0	50.002	1014.39
SIM	1782742025	CPP00372923B	ADAS	OSC_Imported/longitudinal_feature/ACC/acc_csc_004	0	50.002	1252.55
SIM	1782742035	CPP00372923B	ADAS	OSC_Imported/longitudinal_feature/ACC/acc_csc_004	0	50.002	1492.02
SIM	1782742046	CPP00372923B	ADAS	OSC_Imported/longitudinal_feature/ACC/acc_csc_005	0	50.002	404.858
SIM	1782742056	CPP00372923B	ADAS	OSC_Imported/longitudinal_feature/ACC/acc_csc_005	0	50.002	474.637
SIM	1782742067	CPP00372923B	ADAS	OSC_Imported/longitudinal_feature/ACC/acc_csc_005	0	50.002	667.659
SIM	1782742078	CPP00372923B	ADAS	OSC_Imported/longitudinal_feature/ACC/acc_csc_005	0	50.002	889.262
SIM	1782742089	CPP00372923B	ADAS	OSC_Imported/longitudinal_feature/ACC/acc_csc_005	0	50.002	1111.97
SIM	1782742100	CPP00372923B	ADAS	OSC_Imported/longitudinal_feature/ACC/acc_csc_006	0	50.002	405.705
SIM	1782742110	CPP00372923B	ADAS	OSC_Imported/longitudinal_feature/ACC/acc_csc_006	0	50.002	474.655
SIM	1782742121	CPP00372923B	ADAS	OSC_Imported/longitudinal_feature/ACC/acc_csc_006	0	50.002	667.418
SIM	1782742132	CPP00372923B	ADAS	OSC_Imported/longitudinal_feature/ACC/acc_csc_006	0	50.002	888.56
SIM	1782742143	CPP00372923B	ADAS	OSC_Imported/longitudinal_feature/ACC/acc_csc_006	0	50.002	1137.15
SIM	1782742154	CPP00372923B	ADAS	OSC_Imported/longitudinal_feature/ACC/acc_csc_007	0	50.002	1016.69
SIM	1782742164	CPP00372923B	ADAS	OSC_Imported/longitudinal_feature/ACC/acc_csc_007	0	50.002	1247.78
SIM	1782742174	CPP00372923B	ADAS	OSC_Imported/longitudinal_feature/ACC/acc_csc_007	0	50.002	1498.83
SIM	1782742184	CPP00372923B	ADAS	OSC_Imported/longitudinal_feature/ACC/acc_csc_007	0	50.002	1114.72
SIM	1782742195	CPP00372923B	ADAS	OSC_Imported/longitudinal_feature/ACC/acc_csc_007	0	50.002	1402.35


SYSTEM_START	-	CPP00372923B	CPP00372923B	2026-06-30 08:55:36


SYSTEM_INFO	CarMaker 15.1 - Car_Generic #3	jetbrains@16d9601a3450 2026-05-05 10:47:07	(15.1 jetbrains@16d9601a3450 2026-05-05 10:41:09)
SIM	1782784536	CPP00372923B			0	0	0
SIM	1782784588	CPP00372923B	TungNV68	OSC_Imported/longitudinal_feature/ACC/acc_csc_001	0	50.002	742.669
SIM	1782785177	CPP00372923B	TungNV68	OSC_Imported/longitudinal_feature/ACC/acc_csc_001	0	50.002	749.549
SIM	1782785204	CPP00372923B	TungNV68	OSC_Imported/longitudinal_feature/ACC/acc_csc_001	0	28.308	424.15
SIM	1782785241	CPP00372923B	TungNV68	OSC_Imported/longitudinal_feature/ACC/acc_csc_001	0	50.002	759.549
SIM	1782785728	CPP00372923B	TungNV68	OSC_Imported/longitudinal_feature/ACC/acc_csc_001	0	50.002	742.669
SIM	1782785756	CPP00372923B	TungNV68	OSC_Imported/longitudinal_feature/ACC/acc_csc_001	0	50.002	759.305
SIM	1782785761	CPP00372923B	TungNV68	OSC_Imported/longitudinal_feature/ACC/acc_csc_001	0	50.002	963.766
SIM	1782785767	CPP00372923B	TungNV68	OSC_Imported/longitudinal_feature/ACC/acc_csc_001	0	50.002	1201.74
SIM	1782785773	CPP00372923B	TungNV68	OSC_Imported/longitudinal_feature/ACC/acc_csc_001	0	50.002	1442.67
SIM	1782785780	CPP00372923B	TungNV68	OSC_Imported/longitudinal_feature/ACC/acc_csc_002	0	50.002	335.401
SIM	1782785786	CPP00372923B	TungNV68	OSC_Imported/longitudinal_feature/ACC/acc_csc_002	0	50.002	423.914
SIM	1782785792	CPP00372923B	TungNV68	OSC_Imported/longitudinal_feature/ACC/acc_csc_002	0	50.002	709.404
SIM	1782785798	CPP00372923B	TungNV68	OSC_Imported/longitudinal_feature/ACC/acc_csc_002	0	50.002	882.956
SIM	1782785804	CPP00372923B	TungNV68	OSC_Imported/longitudinal_feature/ACC/acc_csc_002	0	50.002	1079.76
SIM	1782785810	CPP00372923B	TungNV68	OSC_Imported/longitudinal_feature/ACC/acc_csc_003	0	50.002	310.745
SIM	1782785817	CPP00372923B	TungNV68	OSC_Imported/longitudinal_feature/ACC/acc_csc_003	0	50.002	753.049
SIM	1782785822	CPP00372923B	TungNV68	OSC_Imported/longitudinal_feature/ACC/acc_csc_003	0	50.002	999.773
SIM	1782785828	CPP00372923B	TungNV68	OSC_Imported/longitudinal_feature/ACC/acc_csc_003	0	50.002	1247.07
SIM	1782785834	CPP00372923B	TungNV68	OSC_Imported/longitudinal_feature/ACC/acc_csc_003	0	50.002	1486.44
SIM	1782785841	CPP00372923B	TungNV68	OSC_Imported/longitudinal_feature/ACC/acc_csc_004	0	50.002	310.896
SIM	1782785847	CPP00372923B	TungNV68	OSC_Imported/longitudinal_feature/ACC/acc_csc_004	0	50.002	753.736
SIM	1782785853	CPP00372923B	TungNV68	OSC_Imported/longitudinal_feature/ACC/acc_csc_004	0	50.002	999.773
SIM	1782785859	CPP00372923B	TungNV68	OSC_Imported/longitudinal_feature/ACC/acc_csc_004	0	50.002	1247.07
SIM	1782785864	CPP00372923B	TungNV68	OSC_Imported/longitudinal_feature/ACC/acc_csc_004	0	50.002	1486.44
SIM	1782785871	CPP00372923B	TungNV68	OSC_Imported/longitudinal_feature/ACC/acc_csc_005	0	50.002	404.458
SIM	1782785878	CPP00372923B	TungNV68	OSC_Imported/longitudinal_feature/ACC/acc_csc_005	0	50.002	474.356


SYSTEM_START	-	CPP00372923B	CPP00372923B	2026-06-30 10:29:41


SYSTEM_INFO	CarMaker 15.1 - Car_Generic #3	jetbrains@16d9601a3450 2026-05-05 10:47:07	(15.1 jetbrains@16d9601a3450 2026-05-05 10:41:09)


SYSTEM_START	-	CPP00372923B	CPP00372923B	2026-06-30 10:38:15


SYSTEM_INFO	CarMaker 15.1 - Car_Generic #3	jetbrains@16d9601a3450 2026-05-05 10:47:07	(15.1 jetbrains@16d9601a3450 2026-05-05 10:41:09)


SYSTEM_START	-	CPP00372923B	CPP00372923B	2026-06-30 10:44:05


SYSTEM_INFO	CarMaker 15.1 - Car_Generic #3	jetbrains@16d9601a3450 2026-05-05 10:47:07	(15.1 jetbrains@16d9601a3450 2026-05-05 10:41:09)


SYSTEM_START	-	CPP00372923B	CPP00372923B	2026-06-30 10:46:36


SYSTEM_INFO	CarMaker 15.1 - Car_Generic #3	jetbrains@16d9601a3450 2026-05-05 10:47:07	(15.1 jetbrains@16d9601a3450 2026-05-05 10:41:09)


SYSTEM_START	-	CPP00372923B	CPP00372923B	2026-06-30 10:48:15


SYSTEM_INFO	CarMaker 15.1 - Car_Generic #3	jetbrains@16d9601a3450 2026-05-05 10:47:07	(15.1 jetbrains@16d9601a3450 2026-05-05 10:41:09)


SYSTEM_START	-	CPP00372923B	CPP00372923B	2026-06-30 10:50:49


SYSTEM_INFO	CarMaker 15.1 - Car_Generic #3	jetbrains@16d9601a3450 2026-05-05 10:47:07	(15.1 jetbrains@16d9601a3450 2026-05-05 10:41:09)
SIM	1782791449	CPP00372923B			0	0	0
SIM	1782791450	CPP00372923B	TungNV68	1_trajectory	34	0	0
SIM	1782791720	CPP00372923B	TungNV68	OSC_Imported/longitudinal_feature/ACC/acc_csc_001	0	50.002	410.217
SIM	1782791725	CPP00372923B	TungNV68	OSC_Imported/longitudinal_feature/ACC/acc_csc_001	0	50.002	519.338
SIM	1782791730	CPP00372923B	TungNV68	OSC_Imported/longitudinal_feature/ACC/acc_csc_001	0	50.002	764.731
SIM	1782791735	CPP00372923B	TungNV68	OSC_Imported/longitudinal_feature/ACC/acc_csc_001	0	50.002	896.754
SIM	1782791740	CPP00372923B	TungNV68	OSC_Imported/longitudinal_feature/ACC/acc_csc_001	0	50.002	1047.38
SIM	1782791746	CPP00372923B	TungNV68	OSC_Imported/longitudinal_feature/ACC/acc_csc_002	0	50.002	369.699
SIM	1782791751	CPP00372923B	TungNV68	OSC_Imported/longitudinal_feature/ACC/acc_csc_002	0	50.002	528.885
SIM	1782791756	CPP00372923B	TungNV68	OSC_Imported/longitudinal_feature/ACC/acc_csc_002	0	50.002	739.071
SIM	1782791761	CPP00372923B	TungNV68	OSC_Imported/longitudinal_feature/ACC/acc_csc_002	0	50.002	892.55
SIM	1782791766	CPP00372923B	TungNV68	OSC_Imported/longitudinal_feature/ACC/acc_csc_002	0	50.002	1039.38
SIM	1782791771	CPP00372923B	TungNV68	OSC_Imported/longitudinal_feature/ACC/acc_csc_003	0	50.002	484.391
SIM	1782791776	CPP00372923B	TungNV68	OSC_Imported/longitudinal_feature/ACC/acc_csc_003	0	50.002	523.166
SIM	1782791781	CPP00372923B	TungNV68	OSC_Imported/longitudinal_feature/ACC/acc_csc_003	0	50.002	525.702
SIM	1782791786	CPP00372923B	TungNV68	OSC_Imported/longitudinal_feature/ACC/acc_csc_003	0	50.002	762.391
SIM	1782791791	CPP00372923B	TungNV68	OSC_Imported/longitudinal_feature/ACC/acc_csc_003	0	50.002	1007.78
SIM	1782791796	CPP00372923B	TungNV68	OSC_Imported/longitudinal_feature/ACC/acc_csc_004	0	50.002	484.391
SIM	1782791802	CPP00372923B	TungNV68	OSC_Imported/longitudinal_feature/ACC/acc_csc_004	0	50.002	523.166
SIM	1782791806	CPP00372923B	TungNV68	OSC_Imported/longitudinal_feature/ACC/acc_csc_004	0	50.002	525.702
SIM	1782791811	CPP00372923B	TungNV68	OSC_Imported/longitudinal_feature/ACC/acc_csc_004	0	50.002	762.391
SIM	1782791816	CPP00372923B	TungNV68	OSC_Imported/longitudinal_feature/ACC/acc_csc_004	0	50.002	1007.78
SIM	1782792871	CPP00372923B	TungNV68	OSC_Imported/longitudinal_feature/ACC/acc_csc_001	2	0	1007.78
SIM	1782792873	CPP00372923B	TungNV68	OSC_Imported/longitudinal_feature/ACC/acc_csc_001	2	0	1007.78
SIM	1782792875	CPP00372923B	TungNV68	OSC_Imported/longitudinal_feature/ACC/acc_csc_001	2	0	1007.78
SIM	1782792876	CPP00372923B	TungNV68	OSC_Imported/longitudinal_feature/ACC/acc_csc_001	2	0	1007.78
SIM	1782792878	CPP00372923B	TungNV68	OSC_Imported/longitudinal_feature/ACC/acc_csc_001	2	0	1007.78
SIM	1782792880	CPP00372923B	TungNV68	OSC_Imported/longitudinal_feature/ACC/acc_csc_002	2	0	1007.78
SIM	1782792882	CPP00372923B	TungNV68	OSC_Imported/longitudinal_feature/ACC/acc_csc_002	2	0	1007.78
SIM	1782793100	CPP00372923B	TungNV68	OSC_Imported/longitudinal_feature/ACC/acc_csc_001	1	0	1007.78
SIM	1782793103	CPP00372923B	TungNV68	OSC_Imported/longitudinal_feature/ACC/acc_csc_001	1	0	1007.78
SIM	1782793105	CPP00372923B	TungNV68	OSC_Imported/longitudinal_feature/ACC/acc_csc_001	1	0	1007.78
SIM	1782793107	CPP00372923B	TungNV68	OSC_Imported/longitudinal_feature/ACC/acc_csc_001	1	0	1007.78
SIM	1782793163	CPP00372923B	TungNV68	OSC_Imported/longitudinal_feature/ACC/acc_csc_001	0	50.002	410.217
SIM	1782793168	CPP00372923B	TungNV68	OSC_Imported/longitudinal_feature/ACC/acc_csc_001	0	50.002	519.338
SIM	1782793173	CPP00372923B	TungNV68	OSC_Imported/longitudinal_feature/ACC/acc_csc_001	0	50.002	764.731
SIM	1782793179	CPP00372923B	TungNV68	OSC_Imported/longitudinal_feature/ACC/acc_csc_001	0	50.002	896.754
SIM	1782793184	CPP00372923B	TungNV68	OSC_Imported/longitudinal_feature/ACC/acc_csc_001	0	50.002	1047.38
SIM	1782793189	CPP00372923B	TungNV68	OSC_Imported/longitudinal_feature/ACC/acc_csc_002	0	50.002	369.699
SIM	1782793194	CPP00372923B	TungNV68	OSC_Imported/longitudinal_feature/ACC/acc_csc_002	0	50.002	528.885
SIM	1782793199	CPP00372923B	TungNV68	OSC_Imported/longitudinal_feature/ACC/acc_csc_002	0	50.002	739.071
SIM	1782793205	CPP00372923B	TungNV68	OSC_Imported/longitudinal_feature/ACC/acc_csc_002	0	50.002	892.55
SIM	1782793210	CPP00372923B	TungNV68	OSC_Imported/longitudinal_feature/ACC/acc_csc_002	0	50.002	1039.38
SIM	1782793215	CPP00372923B	TungNV68	OSC_Imported/longitudinal_feature/ACC/acc_csc_003	0	50.002	484.391
SIM	1782793220	CPP00372923B	TungNV68	OSC_Imported/longitudinal_feature/ACC/acc_csc_003	0	50.002	523.166
SIM	1782793226	CPP00372923B	TungNV68	OSC_Imported/longitudinal_feature/ACC/acc_csc_003	0	50.002	525.702
SIM	1782793231	CPP00372923B	TungNV68	OSC_Imported/longitudinal_feature/ACC/acc_csc_003	0	50.002	762.391
SIM	1782793236	CPP00372923B	TungNV68	OSC_Imported/longitudinal_feature/ACC/acc_csc_003	0	50.002	1007.78
SIM	1782793242	CPP00372923B	TungNV68	OSC_Imported/longitudinal_feature/ACC/acc_csc_004	0	50.002	484.391
SIM	1782793247	CPP00372923B	TungNV68	OSC_Imported/longitudinal_feature/ACC/acc_csc_004	0	50.002	523.166
SIM	1782793252	CPP00372923B	TungNV68	OSC_Imported/longitudinal_feature/ACC/acc_csc_004	0	50.002	525.702
SIM	1782793257	CPP00372923B	TungNV68	OSC_Imported/longitudinal_feature/ACC/acc_csc_004	0	50.002	762.391
SIM	1782793262	CPP00372923B	TungNV68	OSC_Imported/longitudinal_feature/ACC/acc_csc_004	0	50.002	1007.78
SIM	1782793268	CPP00372923B	TungNV68	OSC_Imported/longitudinal_feature/ACC/acc_csc_005	0	11.985	85.5419
SIM	1782793584	CPP00372923B	TungNV68	1_trajectory	0	50.002	514.609
SIM	1782793590	CPP00372923B	TungNV68	1_trajectory	0	21.508	240.661
SIM	1782793630	CPP00372923B	TungNV68	1_trajectory	0	22.997	344.719
SIM	1782793663	CPP00372923B	TungNV68	OSC_Imported/longitudinal_feature/ACC/acc_csc_001	0	50.002	740.917
SIM	1782793690	CPP00372923B	TungNV68	OSC_Imported/longitudinal_feature/ACC/acc_csc_001	0	50.002	749.821
SIM	1782793706	CPP00372923B	TungNV68	OSC_Imported/longitudinal_feature/ACC/acc_csc_001	0	50.002	977.491
SIM	1782793721	CPP00372923B	TungNV68	OSC_Imported/longitudinal_feature/ACC/acc_csc_001	0	50.002	1222.98
SIM	1782793737	CPP00372923B	TungNV68	OSC_Imported/longitudinal_feature/ACC/acc_csc_001	0	50.002	1463.48
SIM	1782793752	CPP00372923B	TungNV68	OSC_Imported/longitudinal_feature/ACC/acc_csc_002	0	50.002	740.917
SIM	1782793768	CPP00372923B	TungNV68	OSC_Imported/longitudinal_feature/ACC/acc_csc_002	0	50.002	749.821
SIM	1782793783	CPP00372923B	TungNV68	OSC_Imported/longitudinal_feature/ACC/acc_csc_002	0	28.899	566.382
SIM	1782793829	CPP00372923B	TungNV68	1_trajectory	0	14.922	223.596
SIM	1782793864	CPP00372923B	TungNV68	1_trajectory	0	25.366	379.722
SIM	1782793894	CPP00372923B	TungNV68	1_trajectory	0	17.809	263.929
SIM	1782801358	CPP00372923B	TungNV68	1_trajectory	0	50.002	468.093
SIM	1782801394	CPP00372923B	TungNV68	1_trajectory	0	50.002	521.501
SIM	1782801422	CPP00372923B	TungNV68	OSC_Imported/longitudinal_feature/ACC/acc_csc_001	0	50.002	430.021
SIM	1782801429	CPP00372923B	TungNV68	OSC_Imported/longitudinal_feature/ACC/acc_csc_001	0	40.654	145.705
SIM	1782801467	CPP00372923B	TungNV68	OSC_Imported/longitudinal_feature/ACC/acc_csc_001	0	50.002	430.021
SIM	1782801475	CPP00372923B	TungNV68	OSC_Imported/longitudinal_feature/ACC/acc_csc_001	0	12.137	134.645
SIM	1782801546	CPP00372923B	TungNV68	OSC_Imported/longitudinal_feature/ACC/acc_csc_001	1	0	134.645
SIM	1782801579	CPP00372923B	TungNV68	OSC_Imported/longitudinal_feature/ACC/acc_csc_001	0	31.515	471.167
SIM	1782802056	CPP00372923B	TungNV68	OSC_Imported/longitudinal_feature/ACC/acc_csc_001	0	50.002	735.754
SIM	1782802068	CPP00372923B	TungNV68	OSC_Imported/longitudinal_feature/ACC/acc_csc_001	0	50.002	749.78
SIM	1782802079	CPP00372923B	TungNV68	OSC_Imported/longitudinal_feature/ACC/acc_csc_001	0	50.002	925.798
SIM	1782802089	CPP00372923B	TungNV68	OSC_Imported/longitudinal_feature/ACC/acc_csc_001	0	50.002	1151.71
SIM	1782802100	CPP00372923B	TungNV68	OSC_Imported/longitudinal_feature/ACC/acc_csc_001	0	50.002	1370.51
SIM	1782802111	CPP00372923B	TungNV68	OSC_Imported/longitudinal_feature/ACC/acc_csc_002	0	50.002	368.01
SIM	1782802122	CPP00372923B	TungNV68	OSC_Imported/longitudinal_feature/ACC/acc_csc_002	0	50.002	463.384
SIM	1782802132	CPP00372923B	TungNV68	OSC_Imported/longitudinal_feature/ACC/acc_csc_002	0	50.002	752.115
SIM	1782802143	CPP00372923B	TungNV68	OSC_Imported/longitudinal_feature/ACC/acc_csc_002	0	50.002	938.221
SIM	1782802153	CPP00372923B	TungNV68	OSC_Imported/longitudinal_feature/ACC/acc_csc_002	0	50.002	1162.07
SIM	1782802164	CPP00372923B	TungNV68	OSC_Imported/longitudinal_feature/ACC/acc_csc_003	0	50.002	371.739
SIM	1782802175	CPP00372923B	TungNV68	OSC_Imported/longitudinal_feature/ACC/acc_csc_003	0	50.002	751.134
SIM	1782802185	CPP00372923B	TungNV68	OSC_Imported/longitudinal_feature/ACC/acc_csc_003	0	50.002	997.255
SIM	1782802196	CPP00372923B	TungNV68	OSC_Imported/longitudinal_feature/ACC/acc_csc_003	0	0	0
SIM	1782802631	CPP00372923B	TungNV68	OSC_Imported/longitudinal_feature/ACC/acc_csc_001	1	0	0
SIM	1782802698	CPP00372923B	TungNV68	OSC_Imported/longitudinal_feature/ACC/acc_csc_001	0	50.002	735.754
SIM	1782802709	CPP00372923B	TungNV68	OSC_Imported/longitudinal_feature/ACC/acc_csc_001	0	50.002	749.78
SIM	1782802721	CPP00372923B	TungNV68	OSC_Imported/longitudinal_feature/ACC/acc_csc_001	0	50.002	925.798
SIM	1782802732	CPP00372923B	TungNV68	OSC_Imported/longitudinal_feature/ACC/acc_csc_001	0	50.002	1151.71
SIM	1782802743	CPP00372923B	TungNV68	OSC_Imported/longitudinal_feature/ACC/acc_csc_001	0	50.002	1370.51
SIM	1782802755	CPP00372923B	TungNV68	OSC_Imported/longitudinal_feature/ACC/acc_csc_002	0	50.002	369.196
SIM	1782802766	CPP00372923B	TungNV68	OSC_Imported/longitudinal_feature/ACC/acc_csc_002	0	50.002	464.241
SIM	1782802778	CPP00372923B	TungNV68	OSC_Imported/longitudinal_feature/ACC/acc_csc_002	0	50.002	764.243
SIM	1782802789	CPP00372923B	TungNV68	OSC_Imported/longitudinal_feature/ACC/acc_csc_002	0	30.079	613.182
SIM	1782802923	CPP00372923B	TungNV68	OSC_Imported/longitudinal_feature/ACC/acc_csc_001	0	50.002	735.754
SIM	1782802934	CPP00372923B	TungNV68	OSC_Imported/longitudinal_feature/ACC/acc_csc_001	0	50.002	749.78
SIM	1782802945	CPP00372923B	TungNV68	OSC_Imported/longitudinal_feature/ACC/acc_csc_001	0	50.002	925.798
SIM	1782802957	CPP00372923B	TungNV68	OSC_Imported/longitudinal_feature/ACC/acc_csc_001	0	0	0
SIM	1782803123	CPP00372923B	TungNV68	OSC_Imported/longitudinal_feature/ACC/acc_csc_001	0	50.002	735.754
SIM	1782803135	CPP00372923B	TungNV68	OSC_Imported/longitudinal_feature/ACC/acc_csc_001	0	50.002	749.78
SIM	1782803147	CPP00372923B	TungNV68	OSC_Imported/longitudinal_feature/ACC/acc_csc_001	0	50.002	925.798
SIM	1782803159	CPP00372923B	TungNV68	OSC_Imported/longitudinal_feature/ACC/acc_csc_001	0	50.002	1151.71
SIM	1782803171	CPP00372923B	TungNV68	OSC_Imported/longitudinal_feature/ACC/acc_csc_001	0	50.002	1370.51
SIM	1782803183	CPP00372923B	TungNV68	OSC_Imported/longitudinal_feature/ACC/acc_csc_002	0	50.002	369.028
SIM	1782803195	CPP00372923B	TungNV68	OSC_Imported/longitudinal_feature/ACC/acc_csc_002	0	50.002	464.161
SIM	1782803207	CPP00372923B	TungNV68	OSC_Imported/longitudinal_feature/ACC/acc_csc_002	0	50.002	764.33
SIM	1782803219	CPP00372923B	TungNV68	OSC_Imported/longitudinal_feature/ACC/acc_csc_002	0	50.002	938.216
SIM	1782803231	CPP00372923B	TungNV68	OSC_Imported/longitudinal_feature/ACC/acc_csc_002	0	50.002	1141.71
SIM	1782803243	CPP00372923B	TungNV68	OSC_Imported/longitudinal_feature/ACC/acc_csc_003	0	50.002	371.582
SIM	1782803255	CPP00372923B	TungNV68	OSC_Imported/longitudinal_feature/ACC/acc_csc_003	0	50.002	751.134
SIM	1782803267	CPP00372923B	TungNV68	OSC_Imported/longitudinal_feature/ACC/acc_csc_003	0	50.002	997.255
SIM	1782803279	CPP00372923B	TungNV68	OSC_Imported/longitudinal_feature/ACC/acc_csc_003	0	50.002	1238.01
SIM	1782803291	CPP00372923B	TungNV68	OSC_Imported/longitudinal_feature/ACC/acc_csc_003	0	50.002	1486.14
SIM	1782803304	CPP00372923B	TungNV68	OSC_Imported/longitudinal_feature/ACC/acc_csc_004	0	50.002	371.582
SIM	1782803316	CPP00372923B	TungNV68	OSC_Imported/longitudinal_feature/ACC/acc_csc_004	0	50.002	751.285
SIM	1782803328	CPP00372923B	TungNV68	OSC_Imported/longitudinal_feature/ACC/acc_csc_004	0	50.002	996.758
SIM	1782803340	CPP00372923B	TungNV68	OSC_Imported/longitudinal_feature/ACC/acc_csc_004	0	50.002	1238.01
SIM	1782803352	CPP00372923B	TungNV68	OSC_Imported/longitudinal_feature/ACC/acc_csc_004	0	50.002	1486.14
SIM	1782803364	CPP00372923B	TungNV68	OSC_Imported/longitudinal_feature/ACC/acc_csc_005	0	50.002	403.041
SIM	1782803376	CPP00372923B	TungNV68	OSC_Imported/longitudinal_feature/ACC/acc_csc_005	0	50.002	465.687
SIM	1782803389	CPP00372923B	TungNV68	OSC_Imported/longitudinal_feature/ACC/acc_csc_005	0	50.002	562.711
SIM	1782803401	CPP00372923B	TungNV68	OSC_Imported/longitudinal_feature/ACC/acc_csc_005	0	50.002	882.346
SIM	1782803414	CPP00372923B	TungNV68	OSC_Imported/longitudinal_feature/ACC/acc_csc_005	0	50.002	1164.36
SIM	1782803427	CPP00372923B	TungNV68	OSC_Imported/longitudinal_feature/ACC/acc_csc_006	0	50.002	403.447
SIM	1782803440	CPP00372923B	TungNV68	OSC_Imported/longitudinal_feature/ACC/acc_csc_006	0	50.002	465.357
SIM	1782803452	CPP00372923B	TungNV68	OSC_Imported/longitudinal_feature/ACC/acc_csc_006	0	50.002	564.054
SIM	1782803465	CPP00372923B	TungNV68	OSC_Imported/longitudinal_feature/ACC/acc_csc_006	0	50.002	887.031
SIM	1782803477	CPP00372923B	TungNV68	OSC_Imported/longitudinal_feature/ACC/acc_csc_006	0	50.002	1138.45
SIM	1782803491	CPP00372923B	TungNV68	OSC_Imported/longitudinal_feature/ACC/acc_csc_007	0	50.002	1001.1
SIM	1782803503	CPP00372923B	TungNV68	OSC_Imported/longitudinal_feature/ACC/acc_csc_007	0	50.002	1246.64
SIM	1782803515	CPP00372923B	TungNV68	OSC_Imported/longitudinal_feature/ACC/acc_csc_007	0	50.002	1494.73
SIM	1782803526	CPP00372923B	TungNV68	OSC_Imported/longitudinal_feature/ACC/acc_csc_007	0	50.002	1105.68
SIM	1782803539	CPP00372923B	TungNV68	OSC_Imported/longitudinal_feature/ACC/acc_csc_007	0	50.002	1396.31
SIM	1782803551	CPP00372923B	TungNV68	OSC_Imported/longitudinal_feature/ACC/acc_csc_008	0	50.002	593.997
SIM	1782803563	CPP00372923B	TungNV68	OSC_Imported/longitudinal_feature/ACC/acc_csc_008	0	50.002	743.181
SIM	1782803575	CPP00372923B	TungNV68	OSC_Imported/longitudinal_feature/ACC/acc_csc_008	0	50.002	992.165
SIM	1782803587	CPP00372923B	TungNV68	OSC_Imported/longitudinal_feature/ACC/acc_csc_008	0	50.002	1235.04
SIM	1782803599	CPP00372923B	TungNV68	OSC_Imported/longitudinal_feature/ACC/acc_csc_008	0	50.002	1482.17
SIM	1782803612	CPP00372923B	TungNV68	OSC_Imported/longitudinal_feature/ACC/acc_csc_009	0	50.002	593.997
SIM	1782803624	CPP00372923B	TungNV68	OSC_Imported/longitudinal_feature/ACC/acc_csc_009	0	50.002	743.287
SIM	1782803636	CPP00372923B	TungNV68	OSC_Imported/longitudinal_feature/ACC/acc_csc_009	0	50.002	991.807
SIM	1782803648	CPP00372923B	TungNV68	OSC_Imported/longitudinal_feature/ACC/acc_csc_009	0	50.002	1234.73
SIM	1782803660	CPP00372923B	TungNV68	OSC_Imported/longitudinal_feature/ACC/acc_csc_009	0	50.002	1481.98
SIM	1782803672	CPP00372923B	TungNV68	OSC_Imported/longitudinal_feature/ACC/acc_csc_010	0	50.002	734.257
SIM	1782803685	CPP00372923B	TungNV68	OSC_Imported/longitudinal_feature/ACC/acc_csc_010	0	50.002	819.059
SIM	1782803697	CPP00372923B	TungNV68	OSC_Imported/longitudinal_feature/ACC/acc_csc_010	0	50.002	1038.37
SIM	1782803709	CPP00372923B	TungNV68	OSC_Imported/longitudinal_feature/ACC/acc_csc_010	0	50.002	1241.33
SIM	1782803722	CPP00372923B	TungNV68	OSC_Imported/longitudinal_feature/ACC/acc_csc_010	0	50.002	1307.85
SIM	1782803735	CPP00372923B	TungNV68	OSC_Imported/longitudinal_feature/ACC/acc_csc_011	0	50.002	734.66
SIM	1782803747	CPP00372923B	TungNV68	OSC_Imported/longitudinal_feature/ACC/acc_csc_011	0	50.002	817.56
SIM	1782803760	CPP00372923B	TungNV68	OSC_Imported/longitudinal_feature/ACC/acc_csc_011	0	50.002	1037.27
SIM	1782803773	CPP00372923B	TungNV68	OSC_Imported/longitudinal_feature/ACC/acc_csc_011	0	50.002	1240.29
SIM	1782803785	CPP00372923B	TungNV68	OSC_Imported/longitudinal_feature/ACC/acc_csc_011	0	50.002	1308.88
SIM	1782803798	CPP00372923B	TungNV68	OSC_Imported/longitudinal_feature/ACC/acc_csc_012	0	50.002	208.17
SIM	1782803811	CPP00372923B	TungNV68	OSC_Imported/longitudinal_feature/ACC/acc_csc_012	0	50.002	178.691
SIM	1782803823	CPP00372923B	TungNV68	OSC_Imported/longitudinal_feature/ACC/acc_csc_012	0	50.002	456.076
SIM	1782803835	CPP00372923B	TungNV68	OSC_Imported/longitudinal_feature/ACC/acc_csc_012	0	50.002	411.689
SIM	1782803848	CPP00372923B	TungNV68	OSC_Imported/longitudinal_feature/ACC/acc_csc_012	0	50.002	728.366
SIM	1782803861	CPP00372923B	TungNV68	OSC_Imported/longitudinal_feature/ACC/acc_csc_013	0	50.002	228.282
SIM	1782803874	CPP00372923B	TungNV68	OSC_Imported/longitudinal_feature/ACC/acc_csc_013	0	50.002	178.691
SIM	1782803886	CPP00372923B	TungNV68	OSC_Imported/longitudinal_feature/ACC/acc_csc_013	0	50.002	456.076
SIM	1782803899	CPP00372923B	TungNV68	OSC_Imported/longitudinal_feature/ACC/acc_csc_013	0	50.002	411.689
SIM	1782803911	CPP00372923B	TungNV68	OSC_Imported/longitudinal_feature/ACC/acc_csc_013	0	50.002	728.256
SIM	1782803924	CPP00372923B	TungNV68	OSC_Imported/longitudinal_feature/ACC/acc_csc_014	0	50.002	700.181
SIM	1782803936	CPP00372923B	TungNV68	OSC_Imported/longitudinal_feature/ACC/acc_csc_014	0	50.002	737.238
SIM	1782803948	CPP00372923B	TungNV68	OSC_Imported/longitudinal_feature/ACC/acc_csc_014	0	50.002	970.709
SIM	1782803960	CPP00372923B	TungNV68	OSC_Imported/longitudinal_feature/ACC/acc_csc_014	0	50.002	1230.39
SIM	1782803972	CPP00372923B	TungNV68	OSC_Imported/longitudinal_feature/ACC/acc_csc_014	0	50.002	1459.17
SIM	1782803985	CPP00372923B	TungNV68	OSC_Imported/longitudinal_feature/ACC/acc_csc_015	0	50.002	696.893
SIM	1782803997	CPP00372923B	TungNV68	OSC_Imported/longitudinal_feature/ACC/acc_csc_015	1	10.577	143.817
SIM	1782804005	CPP00372923B	TungNV68	OSC_Imported/longitudinal_feature/ACC/acc_csc_015	0	50.002	973.678
SIM	1782804017	CPP00372923B	TungNV68	OSC_Imported/longitudinal_feature/ACC/acc_csc_015	0	50.002	1233.14
SIM	1782804029	CPP00372923B	TungNV68	OSC_Imported/longitudinal_feature/ACC/acc_csc_015	0	50.002	1460.36
SIM	1782804041	CPP00372923B	TungNV68	OSC_Imported/longitudinal_feature/ACC/acc_csc_016	0	50.002	718.167
SIM	1782804054	CPP00372923B	TungNV68	OSC_Imported/longitudinal_feature/ACC/acc_csc_016	0	50.002	742.613
SIM	1782804066	CPP00372923B	TungNV68	OSC_Imported/longitudinal_feature/ACC/acc_csc_016	0	50.002	837.619
SIM	1782804078	CPP00372923B	TungNV68	OSC_Imported/longitudinal_feature/ACC/acc_csc_016	0	50.002	1063.82
SIM	1782804090	CPP00372923B	TungNV68	OSC_Imported/longitudinal_feature/ACC/acc_csc_016	1	11.38	309.285
SIM	1782804098	CPP00372923B	TungNV68	OSC_Imported/longitudinal_feature/ACC/acc_csc_017	0	50.002	718.972
SIM	1782804110	CPP00372923B	TungNV68	OSC_Imported/longitudinal_feature/ACC/acc_csc_017	0	50.002	742.122
SIM	1782804123	CPP00372923B	TungNV68	OSC_Imported/longitudinal_feature/ACC/acc_csc_017	1	10.68	194.012
SIM	1782804140	CPP00372923B	TungNV68	OSC_Imported/longitudinal_feature/ACC/acc_csc_017	0	50.002	1056.54
SIM	1782804196	CPP00372923B	TungNV68	OSC_Imported/longitudinal_feature/ACC/acc_csc_017	0	50.002	1299.28
SIM	1782804253	CPP00372923B	TungNV68	OSC_Imported/longitudinal_feature/ACC/acc_csc_018	0	50.002	694.343
SIM	1782804272	CPP00372923B	TungNV68	OSC_Imported/longitudinal_feature/ACC/acc_csc_018	0	50.002	743.904
SIM	1782804284	CPP00372923B	TungNV68	OSC_Imported/longitudinal_feature/ACC/acc_csc_018	0	50.002	236.095
SIM	1782804296	CPP00372923B	TungNV68	OSC_Imported/longitudinal_feature/ACC/acc_csc_018	0	50.002	1172.83
SIM	1782804308	CPP00372923B	TungNV68	OSC_Imported/longitudinal_feature/ACC/acc_csc_018	1	12.429	329.677
SIM	1782804316	CPP00372923B	TungNV68	OSC_Imported/longitudinal_feature/ACC/acc_csc_019	0	50.002	693.643
SIM	1782804328	CPP00372923B	TungNV68	OSC_Imported/longitudinal_feature/ACC/acc_csc_019	0	50.002	746.15
SIM	1782804340	CPP00372923B	TungNV68	OSC_Imported/longitudinal_feature/ACC/acc_csc_019	0	50.002	208.283
SIM	1782804352	CPP00372923B	TungNV68	OSC_Imported/longitudinal_feature/ACC/acc_csc_019	0	50.002	1160.04
SIM	1782804364	CPP00372923B	TungNV68	OSC_Imported/longitudinal_feature/ACC/acc_csc_019	0	50.002	1418.46
SIM	1782804466	CPP00372923B	TungNV68	1_trajectory	0	50.002	500.798
SIM	1782805979	CPP00372923B	TungNV68	aeb_csc_001	0	27.493	278.38
SIM	1782806076	CPP00372923B	TungNV68	aeb_csc_001	0	34.821	156
SIM	1782806133	CPP00372923B	TungNV68	aeb_csc_001	0	10.248	203.663
SIM	1782806186	CPP00372923B	TungNV68	aeb_csc_001	0	9.418	187.798
SIM	1782806876	CPP00372923B	TungNV68	aeb_csc_001	0	15.196	302.691
SIM	1782806937	CPP00372923B	TungNV68	aeb_csc_001	0	9.217	137.223
SIM	1782807517	CPP00372923B	TungNV68	aeb_csc_001	1	0	137.223
SIM	1782807536	CPP00372923B	TungNV68	aeb_csc_001	14	0	0
SIM	1782808180	CPP00372923B	TungNV68	aeb_csc_001	0	50.002	1513.68
SIM	1782808286	CPP00372923B	TungNV68	aeb_csc_001	1	0	1513.68
SIM	1782808309	CPP00372923B	TungNV68	aeb_csc_001	0	8.327	146.652
SIM	1782808381	CPP00372923B	TungNV68	aeb_csc_001	0	8.532	150.828
SIM	1782808401	CPP00372923B	TungNV68	aeb_csc_001	0	16.624	337.314
SIM	1782811708	CPP00372923B	TungNV68	aeb_csc_001	0	1.346	19.9876
SIM	1782811716	CPP00372923B	TungNV68	aeb_csc_001	0	8.244	144.969
SIM	1782811798	CPP00372923B	TungNV68	aeb_csc_001	0	9.728	166.78


SYSTEM_START	-	CPP00372923B	CPP00372923B	2026-07-01 10:25:32


SYSTEM_INFO	CarMaker 15.1 - Car_Generic #3	jetbrains@16d9601a3450 2026-05-05 10:47:07	(15.1 jetbrains@16d9601a3450 2026-05-05 10:41:09)
SIM	1782876332	CPP00372923B			0	0	0
SIM	1782876335	CPP00372923B	TungNV68	aeb_csc_001_001	0	8.155	117.31
SIM	1782877660	CPP00372923B	TungNV68	aeb_csc_001_001	0	8.974	120.905
SIM	1782877722	CPP00372923B	TungNV68	aeb_csc_001_001	0	30.001	11.7096
SIM	1782878100	CPP00372923B	TungNV68	aeb_csc_001_001	0	30.001	11.7171
SIM	1782878161	CPP00372923B	TungNV68	aeb_csc_001_001	0	30.001	11.7171
SIM	1782878219	CPP00372923B	TungNV68	aeb_csc_001_001	0	15.031	185.718
SIM	1782878479	CPP00372923B	TungNV68	aeb_csc_001_001	1	0	185.718


SYSTEM_START	-	CPP00372923B	CPP00372923B	2026-07-01 11:13:19


SYSTEM_INFO	CarMaker 15.1 - Car_Generic #3	jetbrains@16d9601a3450 2026-05-05 10:47:07	(15.1 jetbrains@16d9601a3450 2026-05-05 10:41:09)
SIM	1782879200	CPP00372923B			0	0	0
SIM	1782879240	CPP00372923B	TungNV68	aeb_csc_001_001	113	0	0
SIM	1782879254	CPP00372923B	TungNV68	aeb_csc_001_001	1	0	0
SIM	1782879266	CPP00372923B	TungNV68	aeb_csc_001_001	1	0	0
SIM	1782879297	CPP00372923B	TungNV68	aeb_csc_001_001	1	0	0


SYSTEM_START	-	CPP00372923B	CPP00372923B	2026-07-01 11:16:26


SYSTEM_INFO	CarMaker 15.1 - Car_Generic #3	jetbrains@16d9601a3450 2026-05-05 10:47:07	(15.1 jetbrains@16d9601a3450 2026-05-05 10:41:09)
SIM	1782879386	CPP00372923B			0	0	0
SIM	1782879388	CPP00372923B	TungNV68	aeb_csc_002_001	1	0	0
SIM	1782879412	CPP00372923B	TungNV68	aeb_csc_002_001	9	0	0
SIM	1782879432	CPP00372923B	TungNV68	aeb_csc_002_001	9	0	0
SIM	1782879443	CPP00372923B	TungNV68	aeb_csc_002_001	9	0	0


SYSTEM_START	-	CPP00372923B	CPP00372923B	2026-07-01 11:20:30


SYSTEM_INFO	CarMaker 15.1 - Car_Generic #3	jetbrains@16d9601a3450 2026-05-05 10:47:07	(15.1 jetbrains@16d9601a3450 2026-05-05 10:41:09)
SIM	1782879630	CPP00372923B			0	0	0
SIM	1782879632	CPP00372923B	TungNV68	aeb_csc_002_001	9	0	0
SIM	1782879771	CPP00372923B	TungNV68	aeb_csc_002_001	0	30.001	132.221
SIM	1782879806	CPP00372923B	TungNV68	aeb_csc_002_001	0	20.577	122.296
SIM	1782879830	CPP00372923B	TungNV68	aeb_csc_002_001	0	25.662	122.298
SIM	1782879858	CPP00372923B	TungNV68	aeb_csc_002_001	0	14.912	122.294
SIM	1782879898	CPP00372923B	TungNV68	aeb_csc_002_001	0	21.048	116.804
SIM	1782879922	CPP00372923B	TungNV68	aeb_csc_002_001	0	4.86	71.6982
